Component: ARM Compiler 5.05 update 1 (build 106) Tool: armlink [4d0efa]

==============================================================================

Section Cross References

    startup_stm32f103xb.o(STACK) refers (Special) to heapauxi.o(.text) for __use_two_region_memory
    startup_stm32f103xb.o(HEAP) refers (Special) to heapauxi.o(.text) for __use_two_region_memory
    startup_stm32f103xb.o(RESET) refers (Special) to heapauxi.o(.text) for __use_two_region_memory
    startup_stm32f103xb.o(RESET) refers to startup_stm32f103xb.o(STACK) for __initial_sp
    startup_stm32f103xb.o(RESET) refers to startup_stm32f103xb.o(.text) for Reset_Handler
    startup_stm32f103xb.o(RESET) refers to stm32f1xx_it.o(i.NMI_Handler) for NMI_Handler
    startup_stm32f103xb.o(RESET) refers to stm32f1xx_it.o(i.HardFault_Handler) for HardFault_Handler
    startup_stm32f103xb.o(RESET) refers to stm32f1xx_it.o(i.MemManage_Handler) for MemManage_Handler
    startup_stm32f103xb.o(RESET) refers to stm32f1xx_it.o(i.BusFault_Handler) for BusFault_Handler
    startup_stm32f103xb.o(RESET) refers to stm32f1xx_it.o(i.UsageFault_Handler) for UsageFault_Handler
    startup_stm32f103xb.o(RESET) refers to stm32f1xx_it.o(i.SVC_Handler) for SVC_Handler
    startup_stm32f103xb.o(RESET) refers to stm32f1xx_it.o(i.DebugMon_Handler) for DebugMon_Handler
    startup_stm32f103xb.o(RESET) refers to stm32f1xx_it.o(i.PendSV_Handler) for PendSV_Handler
    startup_stm32f103xb.o(RESET) refers to stm32f1xx_it.o(i.SysTick_Handler) for SysTick_Handler
    startup_stm32f103xb.o(RESET) refers to stm32f1xx_it.o(i.TIM2_IRQHandler) for TIM2_IRQHandler
    startup_stm32f103xb.o(RESET) refers to stm32f1xx_it.o(i.TIM3_IRQHandler) for TIM3_IRQHandler
    startup_stm32f103xb.o(RESET) refers to stm32f1xx_it.o(i.USART1_IRQHandler) for USART1_IRQHandler
    startup_stm32f103xb.o(.text) refers (Special) to heapauxi.o(.text) for __use_two_region_memory
    startup_stm32f103xb.o(.text) refers to system_stm32f1xx.o(i.SystemInit) for SystemInit
    startup_stm32f103xb.o(.text) refers to __main.o(!!!main) for __main
    startup_stm32f103xb.o(.text) refers to startup_stm32f103xb.o(HEAP) for Heap_Mem
    startup_stm32f103xb.o(.text) refers to startup_stm32f103xb.o(STACK) for Stack_Mem
    main.o(i.SystemClock_Config) refers to rt_memclr_w.o(.text) for __aeabi_memclr4
    main.o(i.SystemClock_Config) refers to stm32f1xx_hal_rcc.o(i.HAL_RCC_OscConfig) for HAL_RCC_OscConfig
    main.o(i.SystemClock_Config) refers to stm32f1xx_hal_rcc.o(i.HAL_RCC_ClockConfig) for HAL_RCC_ClockConfig
    main.o(i.SystemClock_Config) refers to stm32f1xx_hal_rcc_ex.o(i.HAL_RCCEx_PeriphCLKConfig) for HAL_RCCEx_PeriphCLKConfig
    main.o(i.main) refers to _printf_percent.o(.ARM.Collect$$_printf_percent$$00000000) for _printf_percent
    main.o(i.main) refers to _printf_d.o(.ARM.Collect$$_printf_percent$$00000009) for _printf_d
    main.o(i.main) refers to _printf_dec.o(.text) for _printf_int_dec
    main.o(i.main) refers to _printf_pad.o(.text) for _printf_pre_padding
    main.o(i.main) refers to _printf_x.o(.ARM.Collect$$_printf_percent$$0000000C) for _printf_x
    main.o(i.main) refers to _printf_hex_int.o(.text) for _printf_longlong_hex
    main.o(i.main) refers to stm32f1xx_hal.o(i.HAL_Init) for HAL_Init
    main.o(i.main) refers to main.o(i.SystemClock_Config) for SystemClock_Config
    main.o(i.main) refers to gpio.o(i.MX_GPIO_Init) for MX_GPIO_Init
    main.o(i.main) refers to tim.o(i.MX_TIM3_Init) for MX_TIM3_Init
    main.o(i.main) refers to usart.o(i.MX_USART1_UART_Init) for MX_USART1_UART_Init
    main.o(i.main) refers to adc.o(i.MX_ADC1_Init) for MX_ADC1_Init
    main.o(i.main) refers to tim.o(i.MX_TIM2_Init) for MX_TIM2_Init
    main.o(i.main) refers to stm32f1xx_hal_gpio.o(i.HAL_GPIO_WritePin) for HAL_GPIO_WritePin
    main.o(i.main) refers to stm32f1xx_hal_tim.o(i.HAL_TIM_IC_Start_IT) for HAL_TIM_IC_Start_IT
    main.o(i.main) refers to stm32f1xx_hal_tim.o(i.HAL_TIM_Base_Start_IT) for HAL_TIM_Base_Start_IT
    main.o(i.main) refers to myiic.o(i.IIC_Init) for IIC_Init
    main.o(i.main) refers to noretval__2printf.o(.text) for __2printf
    main.o(i.main) refers to stm32f1xx_hal.o(i.HAL_Delay) for HAL_Delay
    main.o(i.main) refers to 24cxx.o(i.AT24CXX_Check) for AT24CXX_Check
    main.o(i.main) refers to 24cxx.o(i.AT24CXX_Write) for AT24CXX_Write
    main.o(i.main) refers to 24cxx.o(i.AT24CXX_Read) for AT24CXX_Read
    main.o(i.main) refers to tim.o(.bss) for htim3
    main.o(i.main) refers to main.o(.data) for .data
    main.o(i.main) refers to tim.o(.data) for beep_c
    gpio.o(i.LED_Write_Data) refers to gpio.o(i.LED_Wei) for LED_Wei
    gpio.o(i.MX_GPIO_Init) refers to stm32f1xx_hal_gpio.o(i.HAL_GPIO_WritePin) for HAL_GPIO_WritePin
    gpio.o(i.MX_GPIO_Init) refers to stm32f1xx_hal_gpio.o(i.HAL_GPIO_Init) for HAL_GPIO_Init
    adc.o(i.Get_Adc_Average) refers to adc.o(i.Get_adc) for Get_adc
    adc.o(i.Get_adc) refers to stm32f1xx_hal_adc.o(i.HAL_ADC_Start) for HAL_ADC_Start
[...]
    ..\Drivers\STM32F1xx_HAL_Driver\Src\stm32f1xx_hal_rcc.c 0x00000000   Number         0  stm32f1xx_hal_rcc.o ABSOLUTE
    ..\Drivers\STM32F1xx_HAL_Driver\Src\stm32f1xx_hal_rcc_ex.c 0x00000000   Number         0  stm32f1xx_hal_rcc_ex.o ABSOLUTE
    ..\Drivers\STM32F1xx_HAL_Driver\Src\stm32f1xx_hal_tim.c 0x00000000   Number         0  stm32f1xx_hal_tim.o ABSOLUTE
    ..\Drivers\STM32F1xx_HAL_Driver\Src\stm32f1xx_hal_tim_ex.c 0x00000000   Number         0  stm32f1xx_hal_tim_ex.o ABSOLUTE
    ..\Drivers\STM32F1xx_HAL_Driver\Src\stm32f1xx_hal_uart.c 0x00000000   Number         0  stm32f1xx_hal_uart.o ABSOLUTE
    ..\\App\\24CXX\\24cxx.c                  0x00000000   Number         0  24cxx.o ABSOLUTE
    ..\\App\\IIC\\myiic.c                    0x00000000   Number         0  myiic.o ABSOLUTE
    ..\\App\\delay\\delay.c                  0x00000000   Number         0  delay.o ABSOLUTE
    dc.s                                     0x00000000   Number         0  dc.o ABSOLUTE
    startup_stm32f103xb.s                    0x00000000   Number         0  startup_stm32f103xb.o ABSOLUTE
    RESET                                    0x08000000   Section      236  startup_stm32f103xb.o(RESET)
    !!!main                                  0x080000ec   Section        8  __main.o(!!!main)
    !!!scatter                               0x080000f4   Section       52  __scatter.o(!!!scatter)
    !!handler_copy                           0x08000128   Section       26  __scatter_copy.o(!!handler_copy)
    !!handler_zi                             0x08000144   Section       28  __scatter_zi.o(!!handler_zi)
    .ARM.Collect$$_printf_percent$$00000000  0x08000160   Section        0  _printf_percent.o(.ARM.Collect$$_printf_percent$$00000000)
    .ARM.Collect$$_printf_percent$$00000009  0x08000160   Section        6  _printf_d.o(.ARM.Collect$$_printf_percent$$00000009)
    .ARM.Collect$$_printf_percent$$0000000C  0x08000166   Section        6  _printf_x.o(.ARM.Collect$$_printf_percent$$0000000C)
    .ARM.Collect$$_printf_percent$$00000017  0x0800016c   Section        4  _printf_percent_end.o(.ARM.Collect$$_printf_percent$$00000017)
    .ARM.Collect$$libinit$$00000000          0x08000170   Section        2  libinit.o(.ARM.Collect$$libinit$$00000000)
    .ARM.Collect$$libinit$$00000002          0x08000172   Section        0  libinit2.o(.ARM.Collect$$libinit$$00000002)
    .ARM.Collect$$libinit$$00000004          0x08000172   Section        0  libinit2.o(.ARM.Collect$$libinit$$00000004)
    .ARM.Collect$$libinit$$0000000A          0x08000172   Section        0  libinit2.o(.ARM.Collect$$libinit$$0000000A)
    .ARM.Collect$$libinit$$0000000C          0x08000172   Section        0  libinit2.o(.ARM.Collect$$libinit$$0000000C)
    .ARM.Collect$$libinit$$0000000E          0x08000172   Section        0  libinit2.o(.ARM.Collect$$libinit$$0000000E)
    .ARM.Collect$$libinit$$00000011          0x08000172   Section        0  libinit2.o(.ARM.Collect$$libinit$$00000011)
    .ARM.Collect$$libinit$$00000013          0x08000172   Section        0  libinit2.o(.ARM.Collect$$libinit$$00000013)
    .ARM.Collect$$libinit$$00000015          0x08000172   Section        0  libinit2.o(.ARM.Collect$$libinit$$00000015)
    .ARM.Collect$$libinit$$00000017          0x08000172   Section        0  libinit2.o(.ARM.Collect$$libinit$$00000017)
    .ARM.Collect$$libinit$$00000019          0x08000172   Section        0  libinit2.o(.ARM.Collect$$libinit$$00000019)
    .ARM.Collect$$libinit$$0000001B          0x08000172   Section        0  libinit2.o(.ARM.Collect$$libinit$$0000001B)
    .ARM.Collect$$libinit$$0000001D          0x08000172   Section        0  libinit2.o(.ARM.Collect$$libinit$$0000001D)
    .ARM.Collect$$libinit$$0000001F          0x08000172   Section        0  libinit2.o(.ARM.Collect$$libinit$$0000001F)
    .ARM.Collect$$libinit$$00000021          0x08000172   Section        0  libinit2.o(.ARM.Collect$$libinit$$00000021)
    .ARM.Collect$$libinit$$00000023          0x08000172   Section        0  libinit2.o(.ARM.Collect$$libinit$$00000023)
    .ARM.Collect$$libinit$$00000025          0x08000172   Section        0  libinit2.o(.ARM.Collect$$libinit$$00000025)
    .ARM.Collect$$libinit$$0000002C          0x08000172   Section        0  libinit2.o(.ARM.Collect$$libinit$$0000002C)
    .ARM.Collect$$libinit$$0000002E          0x08000172   Section        0  libinit2.o(.ARM.Collect$$libinit$$0000002E)
    .ARM.Collect$$libinit$$00000030          0x08000172   Section        0  libinit2.o(.ARM.Collect$$libinit$$00000030)
    .ARM.Collect$$libinit$$00000032          0x08000172   Section        0  libinit2.o(.ARM.Collect$$libinit$$00000032)
    .ARM.Collect$$libinit$$00000033          0x08000172   Section        2  libinit2.o(.ARM.Collect$$libinit$$00000033)
    .ARM.Collect$$libshutdown$$00000000      0x08000174   Section        2  libshutdown.o(.ARM.Collect$$libshutdown$$00000000)
    .ARM.Collect$$libshutdown$$00000003      0x08000176   Section        0  libshutdown2.o(.ARM.Collect$$libshutdown$$00000003)
    .ARM.Collect$$libshutdown$$00000006      0x08000176   Section        0  libshutdown2.o(.ARM.Collect$$libshutdown$$00000006)
    .ARM.Collect$$libshutdown$$00000009      0x08000176   Section        0  libshutdown2.o(.ARM.Collect$$libshutdown$$00000009)
    .ARM.Collect$$libshutdown$$0000000B      0x08000176   Section        0  libshutdown2.o(.ARM.Collect$$libshutdown$$0000000B)
    .ARM.Collect$$libshutdown$$0000000E      0x08000176   Section        0  libshutdown2.o(.ARM.Collect$$libshutdown$$0000000E)
    .ARM.Collect$$libshutdown$$0000000F      0x08000176   Section        2  libshutdown2.o(.ARM.Collect$$libshutdown$$0000000F)
    .ARM.Collect$$rtentry$$00000000          0x08000178   Section        0  __rtentry.o(.ARM.Collect$$rtentry$$00000000)
    .ARM.Collect$$rtentry$$00000002          0x08000178   Section        0  __rtentry2.o(.ARM.Collect$$rtentry$$00000002)
    .ARM.Collect$$rtentry$$00000004          0x08000178   Section        6  __rtentry4.o(.ARM.Collect$$rtentry$$00000004)
    .ARM.Collect$$rtentry$$00000009          0x0800017e   Section        0  __rtentry2.o(.ARM.Collect$$rtentry$$00000009)
    .ARM.Collect$$rtentry$$0000000A          0x0800017e   Section        4  __rtentry2.o(.ARM.Collect$$rtentry$$0000000A)
    .ARM.Collect$$rtentry$$0000000C          0x08000182   Section        0  __rtentry2.o(.ARM.Collect$$rtentry$$0000000C)
    .ARM.Collect$$rtentry$$0000000D          0x08000182   Section        8  __rtentry2.o(.ARM.Collect$$rtentry$$0000000D)
    .ARM.Collect$$rtexit$$00000000           0x0800018a   Section        2  rtexit.o(.ARM.Collect$$rtexit$$00000000)
    .ARM.Collect$$rtexit$$00000002           0x0800018c   Section        0  rtexit2.o(.ARM.Collect$$rtexit$$00000002)
    .ARM.Collect$$rtexit$$00000003           0x0800018c   Section        4  rtexit2.o(.ARM.Collect$$rtexit$$00000003)
    .ARM.Collect$$rtexit$$00000004           0x08000190   Section        6  rtexit2.o(.ARM.Collect$$rtexit$$00000004)
    .text                                    0x08000198   Section       64  startup_stm32f103xb.o(.text)
    .text                                    0x080001d8   Section        2  use_no_semi_2.o(.text)
    .text                                    0x080001dc   Section        0  noretval__2printf.o(.text)
    .text                                    0x080001f4   Section        0  _printf_pad.o(.text)
    .text                                    0x08000244   Section        0  _printf_dec.o(.text)
    .text                                    0x080002bc   Section        0  _printf_hex_int.o(.text)
    .text                                    0x08000314   Section        0  __printf_wp.o(.text)
    .text                                    0x08000422   Section       78  rt_memclr_w.o(.text)
    .text                                    0x08000470   Section        0  heapauxi.o(.text)
    .text                                    0x08000476   Section        2  use_no_semi.o(.text)
    .text                                    0x08000478   Section        0  _printf_intcommon.o(.text)
    .text                                    0x0800052c   Section        0  _printf_char_file.o(.text)
    .text                                    0x08000550   Section        0  _printf_char_common.o(.text)
    _printf_input_char                       0x08000551   Thumb Code    10  _printf_char_common.o(.text)
    .text                                    0x08000580   Section        0  ferror.o(.text)
    .text                                    0x08000588   Section       74  sys_stackheap_outer.o(.text)
    .text                                    0x080005d2   Section        0  exit.o(.text)
    .text                                    0x080005e0   Section        8  libspace.o(.text)
    i.ADC_ConversionStop_Disable             0x080005e8   Section        0  stm32f1xx_hal_adc.o(i.ADC_ConversionStop_Disable)
    i.ADC_Enable                             0x08000640   Section        0  stm32f1xx_hal_adc.o(i.ADC_Enable)
    i.AT24CXX_Check                          0x080006bc   Section        0  24cxx.o(i.AT24CXX_Check)
    i.AT24CXX_Read                           0x080006e2   Section        0  24cxx.o(i.AT24CXX_Read)
    i.AT24CXX_ReadOneByte                    0x08000704   Section        0  24cxx.o(i.AT24CXX_ReadOneByte)
    i.AT24CXX_Write                          0x08000746   Section        0  24cxx.o(i.AT24CXX_Write)
    i.AT24CXX_WriteOneByte                   0x08000766   Section        0  24cxx.o(i.AT24CXX_WriteOneByte)
    i.BusFault_Handler                       0x080007a4   Section        0  stm32f1xx_it.o(i.BusFault_Handler)
    i.DebugMon_Handler                       0x080007a6   Section        0  stm32f1xx_it.o(i.DebugMon_Handler)
    i.Error_Handler                          0x080007a8   Section        0  main.o(i.Error_Handler)
    i.Get_Adc_Average                        0x080007ac   Section        0  adc.o(i.Get_Adc_Average)
    i.Get_adc                                0x080007d0   Section        0  adc.o(i.Get_adc)
    i.HAL_ADC_ConfigChannel                  0x080007fc   Section        0  stm32f1xx_hal_adc.o(i.HAL_ADC_ConfigChannel)
    i.HAL_ADC_GetState                       0x080008f8   Section        0  stm32f1xx_hal_adc.o(i.HAL_ADC_GetState)
    i.HAL_ADC_GetValue                       0x080008fc   Section        0  stm32f1xx_hal_adc.o(i.HAL_ADC_GetValue)
    i.HAL_ADC_Init                           0x08000904   Section        0  stm32f1xx_hal_adc.o(i.HAL_ADC_Init)
    i.HAL_ADC_MspInit                        0x08000a20   Section        0  adc.o(i.HAL_ADC_MspInit)
    i.HAL_ADC_PollForConversion              0x08000a78   Section        0  stm32f1xx_hal_adc.o(i.HAL_ADC_PollForConversion)
    i.HAL_ADC_Start                          0x08000bb4   Section        0  stm32f1xx_hal_adc.o(i.HAL_ADC_Start)
    i.HAL_DMA_Abort                          0x08000c74   Section        0  stm32f1xx_hal_dma.o(i.HAL_DMA_Abort)
    i.HAL_DMA_Abort_IT                       0x08000cbc   Section        0  stm32f1xx_hal_dma.o(i.HAL_DMA_Abort_IT)
    i.HAL_Delay                              0x08000d54   Section        0  stm32f1xx_hal.o(i.HAL_Delay)
    i.HAL_GPIO_Init                          0x08000d78   Section        0  stm32f1xx_hal_gpio.o(i.HAL_GPIO_Init)
    i.HAL_GPIO_ReadPin                       0x08000f58   Section        0  stm32f1xx_hal_gpio.o(i.HAL_GPIO_ReadPin)
    i.HAL_GPIO_WritePin                      0x08000f62   Section        0  stm32f1xx_hal_gpio.o(i.HAL_GPIO_WritePin)
    i.HAL_GetTick                            0x08000f6c   Section        0  stm32f1xx_hal.o(i.HAL_GetTick)
    i.HAL_IncTick                            0x08000f78   Section        0  stm32f1xx_hal.o(i.HAL_IncTick)
    i.HAL_Init                               0x08000f88   Section        0  stm32f1xx_hal.o(i.HAL_Init)
    i.HAL_InitTick                           0x08000fac   Section        0  stm32f1xx_hal.o(i.HAL_InitTick)
    i.HAL_MspInit                            0x08000fec   Section        0  stm32f1xx_hal_msp.o(i.HAL_MspInit)
    i.HAL_NVIC_EnableIRQ                     0x08001028   Section        0  stm32f1xx_hal_cortex.o(i.HAL_NVIC_EnableIRQ)
    i.HAL_NVIC_SetPriority                   0x08001044   Section        0  stm32f1xx_hal_cortex.o(i.HAL_NVIC_SetPriority)
    i.HAL_NVIC_SetPriorityGrouping           0x08001084   Section        0  stm32f1xx_hal_cortex.o(i.HAL_NVIC_SetPriorityGrouping)
    i.HAL_RCCEx_GetPeriphCLKFreq             0x080010a8   Section        0  stm32f1xx_hal_rcc_ex.o(i.HAL_RCCEx_GetPeriphCLKFreq)
    i.HAL_RCCEx_PeriphCLKConfig              0x08001170   Section        0  stm32f1xx_hal_rcc_ex.o(i.HAL_RCCEx_PeriphCLKConfig)
    i.HAL_RCC_ClockConfig                    0x0800125c   Section        0  stm32f1xx_hal_rcc.o(i.HAL_RCC_ClockConfig)
    i.HAL_RCC_GetPCLK1Freq                   0x08001388   Section        0  stm32f1xx_hal_rcc.o(i.HAL_RCC_GetPCLK1Freq)
    i.HAL_RCC_GetPCLK2Freq                   0x080013a8   Section        0  stm32f1xx_hal_rcc.o(i.HAL_RCC_GetPCLK2Freq)
    i.HAL_RCC_GetSysClockFreq                0x080013c8   Section        0  stm32f1xx_hal_rcc.o(i.HAL_RCC_GetSysClockFreq)
    i.HAL_RCC_OscConfig                      0x08001434   Section        0  stm32f1xx_hal_rcc.o(i.HAL_RCC_OscConfig)
    i.HAL_SYSTICK_Config                     0x08001754   Section        0  stm32f1xx_hal_cortex.o(i.HAL_SYSTICK_Config)
    i.HAL_TIMEx_BreakCallback                0x0800177c   Section        0  stm32f1xx_hal_tim_ex.o(i.HAL_TIMEx_BreakCallback)
    i.HAL_TIMEx_CommutCallback               0x0800177e   Section        0  stm32f1xx_hal_tim_ex.o(i.HAL_TIMEx_CommutCallback)
    i.HAL_TIMEx_MasterConfigSynchronization  0x08001780   Section        0  stm32f1xx_hal_tim_ex.o(i.HAL_TIMEx_MasterConfigSynchronization)
    i.HAL_TIM_Base_Init                      0x080017e8   Section        0  stm32f1xx_hal_tim.o(i.HAL_TIM_Base_Init)
    i.HAL_TIM_Base_MspInit                   0x08001844   Section        0  tim.o(i.HAL_TIM_Base_MspInit)
    i.HAL_TIM_Base_Start_IT                  0x0800187c   Section        0  stm32f1xx_hal_tim.o(i.HAL_TIM_Base_Start_IT)
    i.HAL_TIM_ConfigClockSource              0x080018d4   Section        0  stm32f1xx_hal_tim.o(i.HAL_TIM_ConfigClockSource)
    i.HAL_TIM_IC_CaptureCallback             0x080019ac   Section        0  tim.o(i.HAL_TIM_IC_CaptureCallback)
    i.HAL_TIM_IC_ConfigChannel               0x08001a78   Section        0  stm32f1xx_hal_tim.o(i.HAL_TIM_IC_ConfigChannel)
    i.HAL_TIM_IC_Init                        0x08001b86   Section        0  stm32f1xx_hal_tim.o(i.HAL_TIM_IC_Init)
    i.HAL_TIM_IC_MspInit                     0x08001be0   Section        0  tim.o(i.HAL_TIM_IC_MspInit)
    i.HAL_TIM_IC_Start_IT                    0x08001c44   Section        0  stm32f1xx_hal_tim.o(i.HAL_TIM_IC_Start_IT)
    i.HAL_TIM_IRQHandler                     0x08001d24   Section        0  stm32f1xx_hal_tim.o(i.HAL_TIM_IRQHandler)
    i.HAL_TIM_OC_DelayElapsedCallback        0x08001e8a   Section        0  stm32f1xx_hal_tim.o(i.HAL_TIM_OC_DelayElapsedCallback)
    i.HAL_TIM_PWM_PulseFinishedCallback      0x08001e8c   Section        0  stm32f1xx_hal_tim.o(i.HAL_TIM_PWM_PulseFinishedCallback)
    i.HAL_TIM_PeriodElapsedCallback          0x08001e90   Section        0  tim.o(i.HAL_TIM_PeriodElapsedCallback)
    i.HAL_TIM_ReadCapturedValue              0x0800218c   Section        0  stm32f1xx_hal_tim.o(i.HAL_TIM_ReadCapturedValue)
    i.HAL_TIM_TriggerCallback                0x080021b6   Section        0  stm32f1xx_hal_tim.o(i.HAL_TIM_TriggerCallback)
    i.HAL_UARTEx_RxEventCallback             0x080021b8   Section        0  stm32f1xx_hal_uart.o(i.HAL_UARTEx_RxEventCallback)
    i.HAL_UART_ErrorCallback                 0x080021ba   Section        0  stm32f1xx_hal_uart.o(i.HAL_UART_ErrorCallback)
    i.HAL_UART_GetState                      0x080021bc   Section        0  stm32f1xx_hal_uart.o(i.HAL_UART_GetState)
    i.HAL_UART_IRQHandler                    0x080021c8   Section        0  stm32f1xx_hal_uart.o(i.HAL_UART_IRQHandler)
    i.HAL_UART_Init                          0x080023d4   Section        0  stm32f1xx_hal_uart.o(i.HAL_UART_Init)
    i.HAL_UART_MspInit                       0x08002438   Section        0  usart.o(i.HAL_UART_MspInit)
    i.HAL_UART_Receive_IT                    0x080024b8   Section        0  stm32f1xx_hal_uart.o(i.HAL_UART_Receive_IT)
    i.HAL_UART_RxCpltCallback                0x080024e4   Section        0  usart.o(i.HAL_UART_RxCpltCallback)
    i.HAL_UART_Transmit                      0x08002578   Section        0  stm32f1xx_hal_uart.o(i.HAL_UART_Transmit)
    i.HAL_UART_TxCpltCallback                0x0800262a   Section        0  stm32f1xx_hal_uart.o(i.HAL_UART_TxCpltCallback)
    i.HardFault_Handler                      0x0800262c   Section        0  stm32f1xx_it.o(i.HardFault_Handler)
    i.IIC_Ack                                0x08002630   Section        0  myiic.o(i.IIC_Ack)
    i.IIC_Init                               0x08002670   Section        0  myiic.o(i.IIC_Init)
    i.IIC_NAck                               0x080026b8   Section        0  myiic.o(i.IIC_NAck)
    i.IIC_Read_Byte                          0x080026f8   Section        0  myiic.o(i.IIC_Read_Byte)
    i.IIC_Send_Byte                          0x08002764   Section        0  myiic.o(i.IIC_Send_Byte)
    i.IIC_Start                              0x080027c4   Section        0  myiic.o(i.IIC_Start)
    i.IIC_Stop                               0x08002804   Section        0  myiic.o(i.IIC_Stop)
    i.IIC_Wait_Ack                           0x08002848   Section        0  myiic.o(i.IIC_Wait_Ack)
    i.LED_Refresh                            0x080028a0   Section        0  gpio.o(i.LED_Refresh)
    i.LED_Wei                                0x080028b4   Section        0  gpio.o(i.LED_Wei)
    i.LED_Write_Data                         0x080028d4   Section        0  gpio.o(i.LED_Write_Data)
    i.MX_ADC1_Init                           0x08002908   Section        0  adc.o(i.MX_ADC1_Init)
    i.MX_GPIO_Init                           0x08002958   Section        0  gpio.o(i.MX_GPIO_Init)
    i.MX_TIM2_Init                           0x080029f4   Section        0  tim.o(i.MX_TIM2_Init)
    i.MX_TIM3_Init                           0x08002a5c   Section        0  tim.o(i.MX_TIM3_Init)
    i.MX_USART1_UART_Init                    0x08002acc   Section        0  usart.o(i.MX_USART1_UART_Init)
    i.MemManage_Handler                      0x08002b04   Section        0  stm32f1xx_it.o(i.MemManage_Handler)
    i.NMI_Handler                            0x08002b06   Section        0  stm32f1xx_it.o(i.NMI_Handler)
    i.PendSV_Handler                         0x08002b08   Section        0  stm32f1xx_it.o(i.PendSV_Handler)
    i.Remote_Scan                            0x08002b0c   Section        0  tim.o(i.Remote_Scan)
    i.SVC_Handler                            0x08002b4c   Section        0  stm32f1xx_it.o(i.SVC_Handler)
    i.SysTick_Handler                        0x08002b4e   Section        0  stm32f1xx_it.o(i.SysTick_Handler)
    i.SystemClock_Config                     0x08002b52   Section        0  main.o(i.SystemClock_Config)
    i.SystemInit                             0x08002bca   Section        0  system_stm32f1xx.o(i.SystemInit)
    i.TIM2_IRQHandler                        0x08002bcc   Section        0  stm32f1xx_it.o(i.TIM2_IRQHandler)
    i.TIM3_IRQHandler                        0x08002bd8   Section        0  stm32f1xx_it.o(i.TIM3_IRQHandler)
    i.TIM_Base_SetConfig                     0x08002be4   Section        0  stm32f1xx_hal_tim.o(i.TIM_Base_SetConfig)
    i.TIM_CCxChannelCmd                      0x08002c50   Section        0  stm32f1xx_hal_tim.o(i.TIM_CCxChannelCmd)
    i.TIM_ETR_SetConfig                      0x08002c6a   Section        0  stm32f1xx_hal_tim.o(i.TIM_ETR_SetConfig)
    i.TIM_ITRx_SetConfig                     0x08002c7e   Section        0  stm32f1xx_hal_tim.o(i.TIM_ITRx_SetConfig)
    TIM_ITRx_SetConfig                       0x08002c7f   Thumb Code    16  stm32f1xx_hal_tim.o(i.TIM_ITRx_SetConfig)
    i.TIM_TI1_ConfigInputStage               0x08002c8e   Section        0  stm32f1xx_hal_tim.o(i.TIM_TI1_ConfigInputStage)
    TIM_TI1_ConfigInputStage                 0x08002c8f   Thumb Code    34  stm32f1xx_hal_tim.o(i.TIM_TI1_ConfigInputStage)
    i.TIM_TI1_SetConfig                      0x08002cb0   Section        0  stm32f1xx_hal_tim.o(i.TIM_TI1_SetConfig)
    i.TIM_TI2_ConfigInputStage               0x08002d08   Section        0  stm32f1xx_hal_tim.o(i.TIM_TI2_ConfigInputStage)
    TIM_TI2_ConfigInputStage                 0x08002d09   Thumb Code    36  stm32f1xx_hal_tim.o(i.TIM_TI2_ConfigInputStage)
    i.TIM_TI2_SetConfig                      0x08002d2c   Section        0  stm32f1xx_hal_tim.o(i.TIM_TI2_SetConfig)
    TIM_TI2_SetConfig                        0x08002d2d   Thumb Code    54  stm32f1xx_hal_tim.o(i.TIM_TI2_SetConfig)
    i.UART_DMAAbortOnError                   0x08002d62   Section        0  stm32f1xx_hal_uart.o(i.UART_DMAAbortOnError)
    UART_DMAAbortOnError                     0x08002d63   Thumb Code    16  stm32f1xx_hal_uart.o(i.UART_DMAAbortOnError)
    i.UART_EndRxTransfer                     0x08002d72   Section        0  stm32f1xx_hal_uart.o(i.UART_EndRxTransfer)
    UART_EndRxTransfer                       0x08002d73   Thumb Code    48  stm32f1xx_hal_uart.o(i.UART_EndRxTransfer)
    i.UART_Receive_IT                        0x08002da2   Section        0  stm32f1xx_hal_uart.o(i.UART_Receive_IT)
    UART_Receive_IT                          0x08002da3   Thumb Code   182  stm32f1xx_hal_uart.o(i.UART_Receive_IT)
    i.UART_SetConfig                         0x08002e58   Section        0  stm32f1xx_hal_uart.o(i.UART_SetConfig)
    UART_SetConfig                           0x08002e59   Thumb Code   178  stm32f1xx_hal_uart.o(i.UART_SetConfig)
    i.UART_Start_Receive_IT                  0x08002f10   Section        0  stm32f1xx_hal_uart.o(i.UART_Start_Receive_IT)
    i.UART_WaitOnFlagUntilTimeout            0x08002f46   Section        0  stm32f1xx_hal_uart.o(i.UART_WaitOnFlagUntilTimeout)
    UART_WaitOnFlagUntilTimeout              0x08002f47   Thumb Code   100  stm32f1xx_hal_uart.o(i.UART_WaitOnFlagUntilTimeout)
    i.USART1_IRQHandler                      0x08002fac   Section        0  stm32f1xx_it.o(i.USART1_IRQHandler)
    i.UsageFault_Handler                     0x08002fb8   Section        0  stm32f1xx_it.o(i.UsageFault_Handler)
    i.__NVIC_SetPriority                     0x08002fba   Section        0  stm32f1xx_hal_cortex.o(i.__NVIC_SetPriority)
    __NVIC_SetPriority                       0x08002fbb   Thumb Code    32  stm32f1xx_hal_cortex.o(i.__NVIC_SetPriority)
    i._is_digit                              0x08002fda   Section        0  __printf_wp.o(i._is_digit)
    i._sys_exit                              0x08002fe8   Section        0  usart.o(i._sys_exit)
    i.delay_us                               0x08002fea   Section        0  delay.o(i.delay_us)
    i.fputc                                  0x08003030   Section        0  usart.o(i.fputc)
    i.main                                   0x08003048   Section        0  main.o(i.main)
    x$fpl$d2f                                0x08003218   Section       98  d2f.o(x$fpl$d2f)
    x$fpl$dfltu                              0x0800327a   Section       38  dflt_clz.o(x$fpl$dfltu)
    x$fpl$dmul                               0x080032a0   Section      340  dmul.o(x$fpl$dmul)
    x$fpl$dnaninf                            0x080033f4   Section      156  dnaninf.o(x$fpl$dnaninf)
    x$fpl$dretinf                            0x08003490   Section       12  dretinf.o(x$fpl$dretinf)
    x$fpl$fadd                               0x0800349c   Section      196  faddsub_clz.o(x$fpl$fadd)
    _fadd1                                   0x080034ab   Thumb Code     0  faddsub_clz.o(x$fpl$fadd)
    x$fpl$ffixu                              0x08003560   Section       62  ffixu.o(x$fpl$ffixu)
    x$fpl$ffltu                              0x080035a0   Section       38  fflt_clz.o(x$fpl$ffltu)
    x$fpl$fmul                               0x080035c8   Section      258  fmul.o(x$fpl$fmul)
    x$fpl$fnaninf                            0x080036ca   Section      140  fnaninf.o(x$fpl$fnaninf)
    x$fpl$fretinf                            0x08003756   Section       10  fretinf.o(x$fpl$fretinf)
    x$fpl$frsb                               0x08003760   Section       20  faddsub_clz.o(x$fpl$frsb)
    x$fpl$fsub                               0x08003774   Section      234  faddsub_clz.o(x$fpl$fsub)
    _fsub1                                   0x08003783   Thumb Code     0  faddsub_clz.o(x$fpl$fsub)
    .constdata                               0x0800385e   Section       16  system_stm32f1xx.o(.constdata)
    x$fpl$usenofp                            0x0800385e   Section        0  usenofp.o(x$fpl$usenofp)
    .constdata                               0x0800386e   Section        8  system_stm32f1xx.o(.constdata)
    .constdata                               0x08003876   Section       40  _printf_hex_int.o(.constdata)
    uc_hextab                                0x08003876   Data          20  _printf_hex_int.o(.constdata)
    lc_hextab                                0x0800388a   Data          20  _printf_hex_int.o(.constdata)
    .data                                    0x20000000   Section        4  main.o(.data)
    .data                                    0x20000004   Section       62  tim.o(.data)
    pin                                      0x2000000b   Data           1  tim.o(.data)
    light                                    0x2000000c   Data           1  tim.o(.data)
    period                                   0x2000000d   Data           1  tim.o(.data)
    change                                   0x20000011   Data           1  tim.o(.data)
    adcx                                     0x20000014   Data           2  tim.o(.data)
    adcx1                                    0x20000016   Data           2  tim.o(.data)
    delay                                    0x20000018   Data           2  tim.o(.data)
    delay2                                   0x2000001a   Data           2  tim.o(.data)
    T_count                                  0x20000028   Data           4  tim.o(.data)
    .data                                    0x20000042   Section        2  usart.o(.data)
    .data                                    0x20000044   Section        4  usart.o(.data)
    .data                                    0x20000048   Section       12  stm32f1xx_hal.o(.data)
    .data                                    0x20000054   Section        4  system_stm32f1xx.o(.data)
    .bss                                     0x20000058   Section       48  adc.o(.bss)
    .bss                                     0x20000088   Section      144  tim.o(.bss)
    .bss                                     0x20000118   Section      324  usart.o(.bss)
    .bss                                     0x2000025c   Section       96  libspace.o(.bss)
    HEAP                                     0x200002c0   Section      512  startup_stm32f103xb.o(HEAP)
    Heap_Mem                                 0x200002c0   Data         512  startup_stm32f103xb.o(HEAP)
    STACK                                    0x200004c0   Section     1024  startup_stm32f103xb.o(STACK)
    Stack_Mem                                0x200004c0   Data        1024  startup_stm32f103xb.o(STACK)
    __initial_sp                             0x200008c0   Data           0  startup_stm32f103xb.o(STACK)

    Global Symbols

    Symbol Name                              Value     Ov Type        Size  Object(Section)

    BuildAttributes$$THM_ISAv4$P$D$K$B$S$PE$A:L22UL41UL21$X:L11$S22US41US21$IEEE1$IW$USESV6$~STKCKD$USESV7$~SHL$OSPACE$ROPI$EBA8$UX$STANDARDLIB$REQ8$PRES8$EABIv2 0x00000000   Number         0  anon$$obj.o ABSOLUTE
    __ARM_use_no_argv                        0x00000000   Number         0  main.o ABSOLUTE
    _printf_flags                            0x00000000   Number         0  printf_stubs.o ABSOLUTE
    _printf_return_value                     0x00000000   Number         0  printf_stubs.o ABSOLUTE
    _printf_sizespec                         0x00000000   Number         0  printf_stubs.o ABSOLUTE
    _printf_widthprec                        0x00000000   Number         0  printf_stubs.o ABSOLUTE
    __ARM_exceptions_init                     - Undefined Weak Reference
    __alloca_initialize                       - Undefined Weak Reference
    __arm_preinit_                            - Undefined Weak Reference
    __cpp_initialize__aeabi_                  - Undefined Weak Reference
    __cxa_finalize                            - Undefined Weak Reference
    __rt_locale                               - Undefined Weak Reference
    __sigvec_lookup                           - Undefined Weak Reference
    _atexit_init                              - Undefined Weak Reference
    _call_atexit_fns                          - Undefined Weak Reference
    _clock_init                               - Undefined Weak Reference
    _fp_trap_init                             - Undefined Weak Reference
    _fp_trap_shutdown                         - Undefined Weak Reference
    _get_lc_collate                           - Undefined Weak Reference
    _get_lc_ctype                             - Undefined Weak Reference
    _get_lc_monetary                          - Undefined Weak Reference
    _get_lc_numeric                           - Undefined Weak Reference
    _get_lc_time                              - Undefined Weak Reference
    _getenv_init                              - Undefined Weak Reference
    _handle_redirection                       - Undefined Weak Reference
    _init_alloc                               - Undefined Weak Reference
    _init_user_alloc                          - Undefined Weak Reference
    _initio                                   - Undefined Weak Reference
    _mutex_acquire                            - Undefined Weak Reference
    _mutex_release                            - Undefined Weak Reference
    _printf_truncate_signed                   - Undefined Weak Reference
    _printf_truncate_unsigned                 - Undefined Weak Reference
    _rand_init                                - Undefined Weak Reference
    _signal_finish                            - Undefined Weak Reference
    _signal_init                              - Undefined Weak Reference
    _terminate_alloc                          - Undefined Weak Reference
    _terminate_user_alloc                     - Undefined Weak Reference
    _terminateio                              - Undefined Weak Reference
    __Vectors_Size                           0x000000ec   Number         0  startup_stm32f103xb.o ABSOLUTE
    __Vectors                                0x08000000   Data           4  startup_stm32f103xb.o(RESET)
    __Vectors_End                            0x080000ec   Data           0  startup_stm32f103xb.o(RESET)
    __main                                   0x080000ed   Thumb Code     8  __main.o(!!!main)
    __scatterload                            0x080000f5   Thumb Code     0  __scatter.o(!!!scatter)
    __scatterload_rt2                        0x080000f5   Thumb Code    44  __scatter.o(!!!scatter)
    __scatterload_rt2_thumb_only             0x080000f5   Thumb Code     0  __scatter.o(!!!scatter)
    __scatterload_null                       0x08000103   Thumb Code     0  __scatter.o(!!!scatter)
    __scatterload_copy                       0x08000129   Thumb Code    26  __scatter_copy.o(!!handler_copy)
    __scatterload_zeroinit                   0x08000145   Thumb Code    28  __scatter_zi.o(!!handler_zi)
    _printf_d                                0x08000161   Thumb Code     0  _printf_d.o(.ARM.Collect$$_printf_percent$$00000009)
    _printf_percent                          0x08000161   Thumb Code     0  _printf_percent.o(.ARM.Collect$$_printf_percent$$00000000)
    _printf_x                                0x08000167   Thumb Code     0  _printf_x.o(.ARM.Collect$$_printf_percent$$0000000C)
    _printf_percent_end                      0x0800016d   Thumb Code     0  _printf_percent_end.o(.ARM.Collect$$_printf_percent$$00000017)
    __rt_lib_init                            0x08000171   Thumb Code     0  libinit.o(.ARM.Collect$$libinit$$00000000)
    __rt_lib_init_alloca_1                   0x08000173   Thumb Code     0  libinit2.o(.ARM.Collect$$libinit$$0000002E)
    __rt_lib_init_argv_1                     0x08000173   Thumb Code     0  libinit2.o(.ARM.Collect$$libinit$$0000002C)
    __rt_lib_init_atexit_1                   0x08000173   Thumb Code     0  libinit2.o(.ARM.Collect$$libinit$$0000001B)
    __rt_lib_init_clock_1                    0x08000173   Thumb Code     0  libinit2.o(.ARM.Collect$$libinit$$00000021)
    __rt_lib_init_cpp_1                      0x08000173   Thumb Code     0  libinit2.o(.ARM.Collect$$libinit$$00000032)
    __rt_lib_init_exceptions_1               0x08000173   Thumb Code     0  libinit2.o(.ARM.Collect$$libinit$$00000030)
    __rt_lib_init_fp_1                       0x08000173   Thumb Code     0  libinit2.o(.ARM.Collect$$libinit$$00000002)
    __rt_lib_init_fp_trap_1                  0x08000173   Thumb Code     0  libinit2.o(.ARM.Collect$$libinit$$0000001F)
    __rt_lib_init_getenv_1                   0x08000173   Thumb Code     0  libinit2.o(.ARM.Collect$$libinit$$00000023)
    __rt_lib_init_heap_1                     0x08000173   Thumb Code     0  libinit2.o(.ARM.Collect$$libinit$$0000000A)
    __rt_lib_init_lc_collate_1               0x08000173   Thumb Code     0  libinit2.o(.ARM.Collect$$libinit$$00000011)
    __rt_lib_init_lc_ctype_1                 0x08000173   Thumb Code     0  libinit2.o(.ARM.Collect$$libinit$$00000013)
    __rt_lib_init_lc_monetary_1              0x08000173   Thumb Code     0  libinit2.o(.ARM.Collect$$libinit$$00000015)
    __rt_lib_init_lc_numeric_1               0x08000173   Thumb Code     0  libinit2.o(.ARM.Collect$$libinit$$00000017)
    __rt_lib_init_lc_time_1                  0x08000173   Thumb Code     0  libinit2.o(.ARM.Collect$$libinit$$00000019)
    __rt_lib_init_preinit_1                  0x08000173   Thumb Code     0  libinit2.o(.ARM.Collect$$libinit$$00000004)
    __rt_lib_init_rand_1                     0x08000173   Thumb Code     0  libinit2.o(.ARM.Collect$$libinit$$0000000E)
    __rt_lib_init_return                     0x08000173   Thumb Code     0  libinit2.o(.ARM.Collect$$libinit$$00000033)
    __rt_lib_init_signal_1                   0x08000173   Thumb Code     0  libinit2.o(.ARM.Collect$$libinit$$0000001D)
    __rt_lib_init_stdio_1                    0x08000173   Thumb Code     0  libinit2.o(.ARM.Collect$$libinit$$00000025)
    __rt_lib_init_user_alloc_1               0x08000173   Thumb Code     0  libinit2.o(.ARM.Collect$$libinit$$0000000C)
    __rt_lib_shutdown                        0x08000175   Thumb Code     0  libshutdown.o(.ARM.Collect$$libshutdown$$00000000)
    __rt_lib_shutdown_fp_trap_1              0x08000177   Thumb Code     0  libshutdown2.o(.ARM.Collect$$libshutdown$$00000006)
    __rt_lib_shutdown_heap_1                 0x08000177   Thumb Code     0  libshutdown2.o(.ARM.Collect$$libshutdown$$0000000E)
    __rt_lib_shutdown_return                 0x08000177   Thumb Code     0  libshutdown2.o(.ARM.Collect$$libshutdown$$0000000F)
    __rt_lib_shutdown_signal_1               0x08000177   Thumb Code     0  libshutdown2.o(.ARM.Collect$$libshutdown$$00000009)
    __rt_lib_shutdown_stdio_1                0x08000177   Thumb Code     0  libshutdown2.o(.ARM.Collect$$libshutdown$$00000003)
    __rt_lib_shutdown_user_alloc_1           0x08000177   Thumb Code     0  libshutdown2.o(.ARM.Collect$$libshutdown$$0000000B)
    __rt_entry                               0x08000179   Thumb Code     0  __rtentry.o(.ARM.Collect$$rtentry$$00000000)
    __rt_entry_presh_1                       0x08000179   Thumb Code     0  __rtentry2.o(.ARM.Collect$$rtentry$$00000002)
    __rt_entry_sh                            0x08000179   Thumb Code     0  __rtentry4.o(.ARM.Collect$$rtentry$$00000004)
    __rt_entry_li                            0x0800017f   Thumb Code     0  __rtentry2.o(.ARM.Collect$$rtentry$$0000000A)
    __rt_entry_postsh_1                      0x0800017f   Thumb Code     0  __rtentry2.o(.ARM.Collect$$rtentry$$00000009)
    __rt_entry_main                          0x08000183   Thumb Code     0  __rtentry2.o(.ARM.Collect$$rtentry$$0000000D)
    __rt_entry_postli_1                      0x08000183   Thumb Code     0  __rtentry2.o(.ARM.Collect$$rtentry$$0000000C)
    __rt_exit                                0x0800018b   Thumb Code     0  rtexit.o(.ARM.Collect$$rtexit$$00000000)
    __rt_exit_ls                             0x0800018d   Thumb Code     0  rtexit2.o(.ARM.Collect$$rtexit$$00000003)
    __rt_exit_prels_1                        0x0800018d   Thumb Code     0  rtexit2.o(.ARM.Collect$$rtexit$$00000002)
    __rt_exit_exit                           0x08000191   Thumb Code     0  rtexit2.o(.ARM.Collect$$rtexit$$00000004)
    Reset_Handler                            0x08000199   Thumb Code     8  startup_stm32f103xb.o(.text)
    ADC1_2_IRQHandler                        0x080001b3   Thumb Code     0  startup_stm32f103xb.o(.text)
    CAN1_RX1_IRQHandler                      0x080001b3   Thumb Code     0  startup_stm32f103xb.o(.text)
    CAN1_SCE_IRQHandler                      0x080001b3   Thumb Code     0  startup_stm32f103xb.o(.text)
    DMA1_Channel1_IRQHandler                 0x080001b3   Thumb Code     0  startup_stm32f103xb.o(.text)
    DMA1_Channel2_IRQHandler                 0x080001b3   Thumb Code     0  startup_stm32f103xb.o(.text)
    DMA1_Channel3_IRQHandler                 0x080001b3   Thumb Code     0  startup_stm32f103xb.o(.text)
    DMA1_Channel4_IRQHandler                 0x080001b3   Thumb Code     0  startup_stm32f103xb.o(.text)
    DMA1_Channel5_IRQHandler                 0x080001b3   Thumb Code     0  startup_stm32f103xb.o(.text)
    DMA1_Channel6_IRQHandler                 0x080001b3   Thumb Code     0  startup_stm32f103xb.o(.text)
    DMA1_Channel7_IRQHandler                 0x080001b3   Thumb Code     0  startup_stm32f103xb.o(.text)
    EXTI0_IRQHandler                         0x080001b3   Thumb Code     0  startup_stm32f103xb.o(.text)
    EXTI15_10_IRQHandler                     0x080001b3   Thumb Code     0  startup_stm32f103xb.o(.text)
    EXTI1_IRQHandler                         0x080001b3   Thumb Code     0  startup_stm32f103xb.o(.text)
    EXTI2_IRQHandler                         0x080001b3   Thumb Code     0  startup_stm32f103xb.o(.text)
    EXTI3_IRQHandler                         0x080001b3   Thumb Code     0  startup_stm32f103xb.o(.text)
    EXTI4_IRQHandler                         0x080001b3   Thumb Code     0  startup_stm32f103xb.o(.text)
    EXTI9_5_IRQHandler                       0x080001b3   Thumb Code     0  startup_stm32f103xb.o(.text)
    FLASH_IRQHandler                         0x080001b3   Thumb Code     0  startup_stm32f103xb.o(.text)
    I2C1_ER_IRQHandler                       0x080001b3   Thumb Code     0  startup_stm32f103xb.o(.text)
    I2C1_EV_IRQHandler                       0x080001b3   Thumb Code     0  startup_stm32f103xb.o(.text)
    I2C2_ER_IRQHandler                       0x080001b3   Thumb Code     0  startup_stm32f103xb.o(.text)
    I2C2_EV_IRQHandler                       0x080001b3   Thumb Code     0  startup_stm32f103xb.o(.text)
    PVD_IRQHandler                           0x080001b3   Thumb Code     0  startup_stm32f103xb.o(.text)
    RCC_IRQHandler                           0x080001b3   Thumb Code     0  startup_stm32f103xb.o(.text)
    RTC_Alarm_IRQHandler                     0x080001b3   Thumb Code     0  startup_stm32f103xb.o(.text)
    RTC_IRQHandler                           0x080001b3   Thumb Code     0  startup_stm32f103xb.o(.text)
    SPI1_IRQHandler                          0x080001b3   Thumb Code     0  startup_stm32f103xb.o(.text)
    SPI2_IRQHandler                          0x080001b3   Thumb Code     0  startup_stm32f103xb.o(.text)
    TAMPER_IRQHandler                        0x080001b3   Thumb Code     0  startup_stm32f103xb.o(.text)
    TIM1_BRK_IRQHandler                      0x080001b3   Thumb Code     0  startup_stm32f103xb.o(.text)
    TIM1_CC_IRQHandler                       0x080001b3   Thumb Code     0  startup_stm32f103xb.o(.text)
    TIM1_TRG_COM_IRQHandler                  0x080001b3   Thumb Code     0  startup_stm32f103xb.o(.text)
    TIM1_UP_IRQHandler                       0x080001b3   Thumb Code     0  startup_stm32f103xb.o(.text)
    TIM4_IRQHandler                          0x080001b3   Thumb Code     0  startup_stm32f103xb.o(.text)
    USART2_IRQHandler                        0x080001b3   Thumb Code     0  startup_stm32f103xb.o(.text)
    USART3_IRQHandler                        0x080001b3   Thumb Code     0  startup_stm32f103xb.o(.text)
    USBWakeUp_IRQHandler                     0x080001b3   Thumb Code     0  startup_stm32f103xb.o(.text)
    USB_HP_CAN1_TX_IRQHandler                0x080001b3   Thumb Code     0  startup_stm32f103xb.o(.text)
    USB_LP_CAN1_RX0_IRQHandler               0x080001b3   Thumb Code     0  startup_stm32f103xb.o(.text)
    WWDG_IRQHandler                          0x080001b3   Thumb Code     0  startup_stm32f103xb.o(.text)
    __user_initial_stackheap                 0x080001b5   Thumb Code     0  startup_stm32f103xb.o(.text)
    __use_no_semihosting                     0x080001d9   Thumb Code     2  use_no_semi_2.o(.text)
    __2printf                                0x080001dd   Thumb Code    20  noretval__2printf.o(.text)
    _printf_pre_padding                      0x080001f5   Thumb Code    44  _printf_pad.o(.text)
    _printf_post_padding                     0x08000221   Thumb Code    34  _printf_pad.o(.text)
    _printf_int_dec                          0x08000245   Thumb Code   104  _printf_dec.o(.text)
    _printf_int_hex                          0x080002bd   Thumb Code    84  _printf_hex_int.o(.text)
    _printf_longlong_hex                     0x080002bd   Thumb Code     0  _printf_hex_int.o(.text)
    __printf                                 0x08000315   Thumb Code   270  __printf_wp.o(.text)
    __aeabi_memclr4                          0x08000423   Thumb Code     0  rt_memclr_w.o(.text)
    __aeabi_memclr8                          0x08000423   Thumb Code     0  rt_memclr_w.o(.text)
    __rt_memclr_w                            0x08000423   Thumb Code    78  rt_memclr_w.o(.text)
    _memset_w                                0x08000427   Thumb Code     0  rt_memclr_w.o(.text)
    __use_two_region_memory                  0x08000471   Thumb Code     2  heapauxi.o(.text)
    __rt_heap_escrow$2region                 0x08000473   Thumb Code     2  heapauxi.o(.text)
    __rt_heap_expand$2region                 0x08000475   Thumb Code     2  heapauxi.o(.text)
    __I$use$semihosting                      0x08000477   Thumb Code     0  use_no_semi.o(.text)
    __use_no_semihosting_swi                 0x08000477   Thumb Code     2  use_no_semi.o(.text)
    _printf_int_common                       0x08000479   Thumb Code   178  _printf_intcommon.o(.text)
    _printf_char_file                        0x0800052d   Thumb Code    32  _printf_char_file.o(.text)
    _printf_char_common                      0x0800055b   Thumb Code    32  _printf_char_common.o(.text)
    ferror                                   0x08000581   Thumb Code     8  ferror.o(.text)
    __user_setup_stackheap                   0x08000589   Thumb Code    74  sys_stackheap_outer.o(.text)
    exit                                     0x080005d3   Thumb Code    12  exit.o(.text)
    __user_libspace                          0x080005e1   Thumb Code     8  libspace.o(.text)
    __user_perproc_libspace                  0x080005e1   Thumb Code     0  libspace.o(.text)
    __user_perthread_libspace                0x080005e1   Thumb Code     0  libspace.o(.text)
    ADC_ConversionStop_Disable               0x080005e9   Thumb Code    86  stm32f1xx_hal_adc.o(i.ADC_ConversionStop_Disable)
    ADC_Enable                               0x08000641   Thumb Code   114  stm32f1xx_hal_adc.o(i.ADC_Enable)
    AT24CXX_Check                            0x080006bd   Thumb Code    38  24cxx.o(i.AT24CXX_Check)
    AT24CXX_Read                             0x080006e3   Thumb Code    34  24cxx.o(i.AT24CXX_Read)
    AT24CXX_ReadOneByte                      0x08000705   Thumb Code    66  24cxx.o(i.AT24CXX_ReadOneByte)
    AT24CXX_Write                            0x08000747   Thumb Code    32  24cxx.o(i.AT24CXX_Write)
    AT24CXX_WriteOneByte                     0x08000767   Thumb Code    62  24cxx.o(i.AT24CXX_WriteOneByte)
    BusFault_Handler                         0x080007a5   Thumb Code     2  stm32f1xx_it.o(i.BusFault_Handler)
    DebugMon_Handler                         0x080007a7   Thumb Code     2  stm32f1xx_it.o(i.DebugMon_Handler)
    Error_Handler                            0x080007a9   Thumb Code     4  main.o(i.Error_Handler)
    Get_Adc_Average                          0x080007ad   Thumb Code    34  adc.o(i.Get_Adc_Average)
    Get_adc                                  0x080007d1   Thumb Code    40  adc.o(i.Get_adc)
    HAL_ADC_ConfigChannel                    0x080007fd   Thumb Code   240  stm32f1xx_hal_adc.o(i.HAL_ADC_ConfigChannel)
    HAL_ADC_GetState                         0x080008f9   Thumb Code     4  stm32f1xx_hal_adc.o(i.HAL_ADC_GetState)
    HAL_ADC_GetValue                         0x080008fd   Thumb Code     6  stm32f1xx_hal_adc.o(i.HAL_ADC_GetValue)
    HAL_ADC_Init                             0x08000905   Thumb Code   272  stm32f1xx_hal_adc.o(i.HAL_ADC_Init)
    HAL_ADC_MspInit                          0x08000a21   Thumb Code    76  adc.o(i.HAL_ADC_MspInit)
    HAL_ADC_PollForConversion                0x08000a79   Thumb Code   304  stm32f1xx_hal_adc.o(i.HAL_ADC_PollForConversion)
    HAL_ADC_Start                            0x08000bb5   Thumb Code   184  stm32f1xx_hal_adc.o(i.HAL_ADC_Start)
    HAL_DMA_Abort                            0x08000c75   Thumb Code    70  stm32f1xx_hal_dma.o(i.HAL_DMA_Abort)
    HAL_DMA_Abort_IT                         0x08000cbd   Thumb Code   148  stm32f1xx_hal_dma.o(i.HAL_DMA_Abort_IT)
    HAL_Delay                                0x08000d55   Thumb Code    32  stm32f1xx_hal.o(i.HAL_Delay)
    HAL_GPIO_Init                            0x08000d79   Thumb Code   446  stm32f1xx_hal_gpio.o(i.HAL_GPIO_Init)
    HAL_GPIO_ReadPin                         0x08000f59   Thumb Code    10  stm32f1xx_hal_gpio.o(i.HAL_GPIO_ReadPin)
    HAL_GPIO_WritePin                        0x08000f63   Thumb Code    10  stm32f1xx_hal_gpio.o(i.HAL_GPIO_WritePin)
    HAL_GetTick                              0x08000f6d   Thumb Code     6  stm32f1xx_hal.o(i.HAL_GetTick)
    HAL_IncTick                              0x08000f79   Thumb Code    12  stm32f1xx_hal.o(i.HAL_IncTick)
    HAL_Init                                 0x08000f89   Thumb Code    32  stm32f1xx_hal.o(i.HAL_Init)
    HAL_InitTick                             0x08000fad   Thumb Code    54  stm32f1xx_hal.o(i.HAL_InitTick)
    HAL_MspInit                              0x08000fed   Thumb Code    52  stm32f1xx_hal_msp.o(i.HAL_MspInit)
    HAL_NVIC_EnableIRQ                       0x08001029   Thumb Code    26  stm32f1xx_hal_cortex.o(i.HAL_NVIC_EnableIRQ)
    HAL_NVIC_SetPriority                     0x08001045   Thumb Code    60  stm32f1xx_hal_cortex.o(i.HAL_NVIC_SetPriority)
    HAL_NVIC_SetPriorityGrouping             0x08001085   Thumb Code    26  stm32f1xx_hal_cortex.o(i.HAL_NVIC_SetPriorityGrouping)
    HAL_RCCEx_GetPeriphCLKFreq               0x080010a9   Thumb Code   166  stm32f1xx_hal_rcc_ex.o(i.HAL_RCCEx_GetPeriphCLKFreq)
    HAL_RCCEx_PeriphCLKConfig                0x08001171   Thumb Code   224  stm32f1xx_hal_rcc_ex.o(i.HAL_RCCEx_PeriphCLKConfig)
    HAL_RCC_ClockConfig                      0x0800125d   Thumb Code   280  stm32f1xx_hal_rcc.o(i.HAL_RCC_ClockConfig)
    HAL_RCC_GetPCLK1Freq                     0x08001389   Thumb Code    20  stm32f1xx_hal_rcc.o(i.HAL_RCC_GetPCLK1Freq)
    HAL_RCC_GetPCLK2Freq                     0x080013a9   Thumb Code    20  stm32f1xx_hal_rcc.o(i.HAL_RCC_GetPCLK2Freq)
    HAL_RCC_GetSysClockFreq                  0x080013c9   Thumb Code    74  stm32f1xx_hal_rcc.o(i.HAL_RCC_GetSysClockFreq)
    HAL_RCC_OscConfig                        0x08001435   Thumb Code   778  stm32f1xx_hal_rcc.o(i.HAL_RCC_OscConfig)
    HAL_SYSTICK_Config                       0x08001755   Thumb Code    40  stm32f1xx_hal_cortex.o(i.HAL_SYSTICK_Config)
    HAL_TIMEx_BreakCallback                  0x0800177d   Thumb Code     2  stm32f1xx_hal_tim_ex.o(i.HAL_TIMEx_BreakCallback)
    HAL_TIMEx_CommutCallback                 0x0800177f   Thumb Code     2  stm32f1xx_hal_tim_ex.o(i.HAL_TIMEx_CommutCallback)
    HAL_TIMEx_MasterConfigSynchronization    0x08001781   Thumb Code    92  stm32f1xx_hal_tim_ex.o(i.HAL_TIMEx_MasterConfigSynchronization)
    HAL_TIM_Base_Init                        0x080017e9   Thumb Code    90  stm32f1xx_hal_tim.o(i.HAL_TIM_Base_Init)
    HAL_TIM_Base_MspInit                     0x08001845   Thumb Code    50  tim.o(i.HAL_TIM_Base_MspInit)
    HAL_TIM_Base_Start_IT                    0x0800187d   Thumb Code    76  stm32f1xx_hal_tim.o(i.HAL_TIM_Base_Start_IT)
    HAL_TIM_ConfigClockSource                0x080018d5   Thumb Code   214  stm32f1xx_hal_tim.o(i.HAL_TIM_ConfigClockSource)
    HAL_TIM_IC_CaptureCallback               0x080019ad   Thumb Code   188  tim.o(i.HAL_TIM_IC_CaptureCallback)
    HAL_TIM_IC_ConfigChannel                 0x08001a79   Thumb Code   270  stm32f1xx_hal_tim.o(i.HAL_TIM_IC_ConfigChannel)
    HAL_TIM_IC_Init                          0x08001b87   Thumb Code    90  stm32f1xx_hal_tim.o(i.HAL_TIM_IC_Init)
    HAL_TIM_IC_MspInit                       0x08001be1   Thumb Code    88  tim.o(i.HAL_TIM_IC_MspInit)
    HAL_TIM_IC_Start_IT                      0x08001c45   Thumb Code   212  stm32f1xx_hal_tim.o(i.HAL_TIM_IC_Start_IT)
    HAL_TIM_IRQHandler                       0x08001d25   Thumb Code   358  stm32f1xx_hal_tim.o(i.HAL_TIM_IRQHandler)
    HAL_TIM_OC_DelayElapsedCallback          0x08001e8b   Thumb Code     2  stm32f1xx_hal_tim.o(i.HAL_TIM_OC_DelayElapsedCallback)
    HAL_TIM_PWM_PulseFinishedCallback        0x08001e8d   Thumb Code     2  stm32f1xx_hal_tim.o(i.HAL_TIM_PWM_PulseFinishedCallback)
    HAL_TIM_PeriodElapsedCallback            0x08001e91   Thumb Code   734  tim.o(i.HAL_TIM_PeriodElapsedCallback)
    HAL_TIM_ReadCapturedValue                0x0800218d   Thumb Code    42  stm32f1xx_hal_tim.o(i.HAL_TIM_ReadCapturedValue)
    HAL_TIM_TriggerCallback                  0x080021b7   Thumb Code     2  stm32f1xx_hal_tim.o(i.HAL_TIM_TriggerCallback)
    HAL_UARTEx_RxEventCallback               0x080021b9   Thumb Code     2  stm32f1xx_hal_uart.o(i.HAL_UARTEx_RxEventCallback)
    HAL_UART_ErrorCallback                   0x080021bb   Thumb Code     2  stm32f1xx_hal_uart.o(i.HAL_UART_ErrorCallback)
    HAL_UART_GetState                        0x080021bd   Thumb Code    10  stm32f1xx_hal_uart.o(i.HAL_UART_GetState)
    HAL_UART_IRQHandler                      0x080021c9   Thumb Code   520  stm32f1xx_hal_uart.o(i.HAL_UART_IRQHandler)
    HAL_UART_Init                            0x080023d5   Thumb Code    98  stm32f1xx_hal_uart.o(i.HAL_UART_Init)
    HAL_UART_MspInit                         0x08002439   Thumb Code   116  usart.o(i.HAL_UART_MspInit)
    HAL_UART_Receive_IT                      0x080024b9   Thumb Code    42  stm32f1xx_hal_uart.o(i.HAL_UART_Receive_IT)
    HAL_UART_RxCpltCallback                  0x080024e5   Thumb Code   122  usart.o(i.HAL_UART_RxCpltCallback)
    HAL_UART_Transmit                        0x08002579   Thumb Code   178  stm32f1xx_hal_uart.o(i.HAL_UART_Transmit)
    HAL_UART_TxCpltCallback                  0x0800262b   Thumb Code     2  stm32f1xx_hal_uart.o(i.HAL_UART_TxCpltCallback)
    HardFault_Handler                        0x0800262d   Thumb Code     2  stm32f1xx_it.o(i.HardFault_Handler)
    IIC_Ack                                  0x08002631   Thumb Code    56  myiic.o(i.IIC_Ack)
    IIC_Init                                 0x08002671   Thumb Code    58  myiic.o(i.IIC_Init)
    IIC_NAck                                 0x080026b9   Thumb Code    56  myiic.o(i.IIC_NAck)
    IIC_Read_Byte                            0x080026f9   Thumb Code   100  myiic.o(i.IIC_Read_Byte)
    IIC_Send_Byte                            0x08002765   Thumb Code    86  myiic.o(i.IIC_Send_Byte)
    IIC_Start                                0x080027c5   Thumb Code    56  myiic.o(i.IIC_Start)
    IIC_Stop                                 0x08002805   Thumb Code    58  myiic.o(i.IIC_Stop)
    IIC_Wait_Ack                             0x08002849   Thumb Code    78  myiic.o(i.IIC_Wait_Ack)
    LED_Refresh                              0x080028a1   Thumb Code    16  gpio.o(i.LED_Refresh)
    LED_Wei                                  0x080028b5   Thumb Code    28  gpio.o(i.LED_Wei)
    LED_Write_Data                           0x080028d5   Thumb Code    48  gpio.o(i.LED_Write_Data)
    MX_ADC1_Init                             0x08002909   Thumb Code    70  adc.o(i.MX_ADC1_Init)
    MX_GPIO_Init                             0x08002959   Thumb Code   144  gpio.o(i.MX_GPIO_Init)
    MX_TIM2_Init                             0x080029f5   Thumb Code    98  tim.o(i.MX_TIM2_Init)
    MX_TIM3_Init                             0x08002a5d   Thumb Code   104  tim.o(i.MX_TIM3_Init)
    MX_USART1_UART_Init                      0x08002acd   Thumb Code    48  usart.o(i.MX_USART1_UART_Init)
    MemManage_Handler                        0x08002b05   Thumb Code     2  stm32f1xx_it.o(i.MemManage_Handler)
    NMI_Handler                              0x08002b07   Thumb Code     2  stm32f1xx_it.o(i.NMI_Handler)
    PendSV_Handler                           0x08002b09   Thumb Code     2  stm32f1xx_it.o(i.PendSV_Handler)
    Remote_Scan                              0x08002b0d   Thumb Code    60  tim.o(i.Remote_Scan)
    SVC_Handler                              0x08002b4d   Thumb Code     2  stm32f1xx_it.o(i.SVC_Handler)
    SysTick_Handler                          0x08002b4f   Thumb Code     4  stm32f1xx_it.o(i.SysTick_Handler)
    SystemClock_Config                       0x08002b53   Thumb Code   120  main.o(i.SystemClock_Config)
    SystemInit                               0x08002bcb   Thumb Code     2  system_stm32f1xx.o(i.SystemInit)
    TIM2_IRQHandler                          0x08002bcd   Thumb Code     6  stm32f1xx_it.o(i.TIM2_IRQHandler)
    TIM3_IRQHandler                          0x08002bd9   Thumb Code     6  stm32f1xx_it.o(i.TIM3_IRQHandler)
    TIM_Base_SetConfig                       0x08002be5   Thumb Code    94  stm32f1xx_hal_tim.o(i.TIM_Base_SetConfig)
    TIM_CCxChannelCmd                        0x08002c51   Thumb Code    26  stm32f1xx_hal_tim.o(i.TIM_CCxChannelCmd)
    TIM_ETR_SetConfig                        0x08002c6b   Thumb Code    20  stm32f1xx_hal_tim.o(i.TIM_ETR_SetConfig)
    TIM_TI1_SetConfig                        0x08002cb1   Thumb Code    76  stm32f1xx_hal_tim.o(i.TIM_TI1_SetConfig)
    UART_Start_Receive_IT                    0x08002f11   Thumb Code    54  stm32f1xx_hal_uart.o(i.UART_Start_Receive_IT)
    USART1_IRQHandler                        0x08002fad   Thumb Code     6  stm32f1xx_it.o(i.USART1_IRQHandler)
    UsageFault_Handler                       0x08002fb9   Thumb Code     2  stm32f1xx_it.o(i.UsageFault_Handler)
    _is_digit                                0x08002fdb   Thumb Code    14  __printf_wp.o(i._is_digit)
    _sys_exit                                0x08002fe9   Thumb Code     2  usart.o(i._sys_exit)
    delay_us                                 0x08002feb   Thumb Code    70  delay.o(i.delay_us)
    fputc                                    0x08003031   Thumb Code    18  usart.o(i.fputc)
    main                                     0x08003049   Thumb Code   326  main.o(i.main)
    __aeabi_d2f                              0x08003219   Thumb Code     0  d2f.o(x$fpl$d2f)
    _d2f                                     0x08003219   Thumb Code    98  d2f.o(x$fpl$d2f)
    __aeabi_ui2d                             0x0800327b   Thumb Code     0  dflt_clz.o(x$fpl$dfltu)
    _dfltu                                   0x0800327b   Thumb Code    38  dflt_clz.o(x$fpl$dfltu)
    __aeabi_dmul                             0x080032a1   Thumb Code     0  dmul.o(x$fpl$dmul)
    _dmul                                    0x080032a1   Thumb Code   332  dmul.o(x$fpl$dmul)
    __fpl_dnaninf                            0x080033f5   Thumb Code   156  dnaninf.o(x$fpl$dnaninf)
    __fpl_dretinf                            0x08003491   Thumb Code    12  dretinf.o(x$fpl$dretinf)
    __aeabi_fadd                             0x0800349d   Thumb Code     0  faddsub_clz.o(x$fpl$fadd)
    _fadd                                    0x0800349d   Thumb Code   196  faddsub_clz.o(x$fpl$fadd)
    __aeabi_f2uiz                            0x08003561   Thumb Code     0  ffixu.o(x$fpl$ffixu)
    _ffixu                                   0x08003561   Thumb Code    62  ffixu.o(x$fpl$ffixu)
    __aeabi_ui2f                             0x080035a1   Thumb Code     0  fflt_clz.o(x$fpl$ffltu)
    _ffltu                                   0x080035a1   Thumb Code    38  fflt_clz.o(x$fpl$ffltu)
    __aeabi_fmul                             0x080035c9   Thumb Code     0  fmul.o(x$fpl$fmul)
    _fmul                                    0x080035c9   Thumb Code   258  fmul.o(x$fpl$fmul)
    __fpl_fnaninf                            0x080036cb   Thumb Code   140  fnaninf.o(x$fpl$fnaninf)
    __fpl_fretinf                            0x08003757   Thumb Code    10  fretinf.o(x$fpl$fretinf)
    __aeabi_frsub                            0x08003761   Thumb Code     0  faddsub_clz.o(x$fpl$frsb)
    _frsb                                    0x08003761   Thumb Code    20  faddsub_clz.o(x$fpl$frsb)
    __aeabi_fsub                             0x08003775   Thumb Code     0  faddsub_clz.o(x$fpl$fsub)
    _fsub                                    0x08003775   Thumb Code   234  faddsub_clz.o(x$fpl$fsub)
    AHBPrescTable                            0x0800385e   Data          16  system_stm32f1xx.o(.constdata)
    __I$use$fp                               0x0800385e   Number         0  usenofp.o(x$fpl$usenofp)
    APBPrescTable                            0x0800386e   Data           8  system_stm32f1xx.o(.constdata)
    Region$$Table$$Base                      0x080038a0   Number         0  anon$$obj.o(Region$$Table)
    Region$$Table$$Limit                     0x080038c0   Number         0  anon$$obj.o(Region$$Table)
    TEXT_Buffer                              0x20000000   Data           2  main.o(.data)
    datatemp                                 0x20000002   Data           2  main.o(.data)
    beep_c                                   0x20000004   Data           1  tim.o(.data)
    key                                      0x20000005   Data           1  tim.o(.data)
    adc_on                                   0x20000006   Data           1  tim.o(.data)
    flag                                     0x20000007   Data           1  tim.o(.data)
    f                                        0x20000008   Data           1  tim.o(.data)
    RmtSta                                   0x20000009   Data           1  tim.o(.data)
    RmtCnt                                   0x2000000a   Data           1  tim.o(.data)
    num                                      0x2000000e   Data           1  tim.o(.data)
    smg_wei                                  0x2000000f   Data           1  tim.o(.data)
    out                                      0x20000010   Data           1  tim.o(.data)
    ebuff                                    0x20000012   Data           2  tim.o(.data)
    Dval                                     0x2000001c   Data           2  tim.o(.data)
    RmtRec                                   0x20000020   Data           4  tim.o(.data)
    temp                                     0x20000024   Data           4  tim.o(.data)
    x                                        0x2000002c   Data           4  tim.o(.data)
    smg_num                                  0x20000030   Data          18  tim.o(.data)
    Uart1_Rx_Cnt                             0x20000042   Data           1  usart.o(.data)
    aRxBuffer                                0x20000043   Data           1  usart.o(.data)
    __stdout                                 0x20000044   Data           4  usart.o(.data)
    uwTickFreq                               0x20000048   Data           1  stm32f1xx_hal.o(.data)
    uwTickPrio                               0x2000004c   Data           4  stm32f1xx_hal.o(.data)
    uwTick                                   0x20000050   Data           4  stm32f1xx_hal.o(.data)
    SystemCoreClock                          0x20000054   Data           4  system_stm32f1xx.o(.data)
    hadc1                                    0x20000058   Data          48  adc.o(.bss)
    htim2                                    0x20000088   Data          72  tim.o(.bss)
    htim3                                    0x200000d0   Data          72  tim.o(.bss)
    RxBuffer                                 0x20000118   Data         256  usart.o(.bss)
    huart1                                   0x20000218   Data          68  usart.o(.bss)
    __libspace_start                         0x2000025c   Data          96  libspace.o(.bss)
    __temporary_stack_top$libspace           0x200002bc   Data           0  libspace.o(.bss)



==============================================================================

Memory Map of the image

  Image Entry point : 0x080000ed

  Load Region LR_IROM1 (Base: 0x08000000, Size: 0x00003918, Max: 0x00020000, ABSOLUTE)

    Execution Region ER_IROM1 (Exec base: 0x08000000, Load base: 0x08000000, Size: 0x000038c0, Max: 0x00020000, ABSOLUTE)

    Exec Addr    Load Addr    Size         Type   Attr      Idx    E Section Name        Object

    0x08000000   0x08000000   0x000000ec   Data   RO            3    RESET               startup_stm32f103xb.o
    0x080000ec   0x080000ec   0x00000008   Code   RO         3403  * !!!main             c_w.l(__main.o)
    0x080000f4   0x080000f4   0x00000034   Code   RO         3607    !!!scatter          c_w.l(__scatter.o)
    0x08000128   0x08000128   0x0000001a   Code   RO         3609    !!handler_copy      c_w.l(__scatter_copy.o)
    0x08000142   0x08000142   0x00000002   PAD
    0x08000144   0x08000144   0x0000001c   Code   RO         3611    !!handler_zi        c_w.l(__scatter_zi.o)
    0x08000160   0x08000160   0x00000000   Code   RO         3398    .ARM.Collect$$_printf_percent$$00000000  c_w.l(_printf_percent.o)
    0x08000160   0x08000160   0x00000006   Code   RO         3397    .ARM.Collect$$_printf_percent$$00000009  c_w.l(_printf_d.o)
    0x08000166   0x08000166   0x00000006   Code   RO         3396    .ARM.Collect$$_printf_percent$$0000000C  c_w.l(_printf_x.o)
    0x0800016c   0x0800016c   0x00000004   Code   RO         3440    .ARM.Collect$$_printf_percent$$00000017  c_w.l(_printf_percent_end.o)
    0x08000170   0x08000170   0x00000002   Code   RO         3482    .ARM.Collect$$libinit$$00000000  c_w.l(libinit.o)
    0x08000172   0x08000172   0x00000000   Code   RO         3489    .ARM.Collect$$libinit$$00000002  c_w.l(libinit2.o)
    0x08000172   0x08000172   0x00000000   Code   RO         3491    .ARM.Collect$$libinit$$00000004  c_w.l(libinit2.o)
    0x08000172   0x08000172   0x00000000   Code   RO         3494    .ARM.Collect$$libinit$$0000000A  c_w.l(libinit2.o)
    0x08000172   0x08000172   0x00000000   Code   RO         3496    .ARM.Collect$$libinit$$0000000C  c_w.l(libinit2.o)
    0x08000172   0x08000172   0x00000000   Code   RO         3498    .ARM.Collect$$libinit$$0000000E  c_w.l(libinit2.o)
    0x08000172   0x08000172   0x00000000   Code   RO         3501    .ARM.Collect$$libinit$$00000011  c_w.l(libinit2.o)
    0x08000172   0x08000172   0x00000000   Code   RO         3503    .ARM.Collect$$libinit$$00000013  c_w.l(libinit2.o)
    0x08000172   0x08000172   0x00000000   Code   RO         3505    .ARM.Collect$$libinit$$00000015  c_w.l(libinit2.o)
    0x08000172   0x08000172   0x00000000   Code   RO         3507    .ARM.Collect$$libinit$$00000017  c_w.l(libinit2.o)
    0x08000172   0x08000172   0x00000000   Code   RO         3509    .ARM.Collect$$libinit$$00000019  c_w.l(libinit2.o)
    0x08000172   0x08000172   0x00000000   Code   RO         3511    .ARM.Collect$$libinit$$0000001B  c_w.l(libinit2.o)
    0x08000172   0x08000172   0x00000000   Code   RO         3513    .ARM.Collect$$libinit$$0000001D  c_w.l(libinit2.o)
    0x08000172   0x08000172   0x00000000   Code   RO         3515    .ARM.Collect$$libinit$$0000001F  c_w.l(libinit2.o)
    0x08000172   0x08000172   0x00000000   Code   RO         3517    .ARM.Collect$$libinit$$00000021  c_w.l(libinit2.o)
    0x08000172   0x08000172   0x00000000   Code   RO         3519    .ARM.Collect$$libinit$$00000023  c_w.l(libinit2.o)
    0x08000172   0x08000172   0x00000000   Code   RO         3521    .ARM.Collect$$libinit$$00000025  c_w.l(libinit2.o)
    0x08000172   0x08000172   0x00000000   Code   RO         3525    .ARM.Collect$$libinit$$0000002C  c_w.l(libinit2.o)
    0x08000172   0x08000172   0x00000000   Code   RO         3527    .ARM.Collect$$libinit$$0000002E  c_w.l(libinit2.o)
    0x08000172   0x08000172   0x00000000   Code   RO         3529    .ARM.Collect$$libinit$$00000030  c_w.l(libinit2.o)
    0x08000172   0x08000172   0x00000000   Code   RO         3531    .ARM.Collect$$libinit$$00000032  c_w.l(libinit2.o)
    0x08000172   0x08000172   0x00000002   Code   RO         3532    .ARM.Collect$$libinit$$00000033  c_w.l(libinit2.o)
    0x08000174   0x08000174   0x00000002   Code   RO         3550    .ARM.Collect$$libshutdown$$00000000  c_w.l(libshutdown.o)
    0x08000176   0x08000176   0x00000000   Code   RO         3561    .ARM.Collect$$libshutdown$$00000003  c_w.l(libshutdown2.o)
    0x08000176   0x08000176   0x00000000   Code   RO         3564    .ARM.Collect$$libshutdown$$00000006  c_w.l(libshutdown2.o)
    0x08000176   0x08000176   0x00000000   Code   RO         3567    .ARM.Collect$$libshutdown$$00000009  c_w.l(libshutdown2.o)
    0x08000176   0x08000176   0x00000000   Code   RO         3569    .ARM.Collect$$libshutdown$$0000000B  c_w.l(libshutdown2.o)
    0x08000176   0x08000176   0x00000000   Code   RO         3572    .ARM.Collect$$libshutdown$$0000000E  c_w.l(libshutdown2.o)
    0x08000176   0x08000176   0x00000002   Code   RO         3573    .ARM.Collect$$libshutdown$$0000000F  c_w.l(libshutdown2.o)
    0x08000178   0x08000178   0x00000000   Code   RO         3435    .ARM.Collect$$rtentry$$00000000  c_w.l(__rtentry.o)
    0x08000178   0x08000178   0x00000000   Code   RO         3451    .ARM.Collect$$rtentry$$00000002  c_w.l(__rtentry2.o)
    0x08000178   0x08000178   0x00000006   Code   RO         3463    .ARM.Collect$$rtentry$$00000004  c_w.l(__rtentry4.o)
    0x0800017e   0x0800017e   0x00000000   Code   RO         3453    .ARM.Collect$$rtentry$$00000009  c_w.l(__rtentry2.o)
    0x0800017e   0x0800017e   0x00000004   Code   RO         3454    .ARM.Collect$$rtentry$$0000000A  c_w.l(__rtentry2.o)
    0x08000182   0x08000182   0x00000000   Code   RO         3456    .ARM.Collect$$rtentry$$0000000C  c_w.l(__rtentry2.o)
    0x08000182   0x08000182   0x00000008   Code   RO         3457    .ARM.Collect$$rtentry$$0000000D  c_w.l(__rtentry2.o)
    0x0800018a   0x0800018a   0x00000002   Code   RO         3486    .ARM.Collect$$rtexit$$00000000  c_w.l(rtexit.o)
    0x0800018c   0x0800018c   0x00000000   Code   RO         3534    .ARM.Collect$$rtexit$$00000002  c_w.l(rtexit2.o)
    0x0800018c   0x0800018c   0x00000004   Code   RO         3535    .ARM.Collect$$rtexit$$00000003  c_w.l(rtexit2.o)
    0x08000190   0x08000190   0x00000006   Code   RO         3536    .ARM.Collect$$rtexit$$00000004  c_w.l(rtexit2.o)
    0x08000196   0x08000196   0x00000002   PAD
    0x08000198   0x08000198   0x00000040   Code   RO            4    .text               startup_stm32f103xb.o
    0x080001d8   0x080001d8   0x00000002   Code   RO         3341    .text               c_w.l(use_no_semi_2.o)
    0x080001da   0x080001da   0x00000002   PAD
    0x080001dc   0x080001dc   0x00000018   Code   RO         3347    .text               c_w.l(noretval__2printf.o)
    0x080001f4   0x080001f4   0x0000004e   Code   RO         3351    .text               c_w.l(_printf_pad.o)
    0x08000242   0x08000242   0x00000002   PAD
    0x08000244   0x08000244   0x00000078   Code   RO         3353    .text               c_w.l(_printf_dec.o)
    0x080002bc   0x080002bc   0x00000058   Code   RO         3358    .text               c_w.l(_printf_hex_int.o)
    0x08000314   0x08000314   0x0000010e   Code   RO         3384    .text               c_w.l(__printf_wp.o)
    0x08000422   0x08000422   0x0000004e   Code   RO         3399    .text               c_w.l(rt_memclr_w.o)
    0x08000470   0x08000470   0x00000006   Code   RO         3401    .text               c_w.l(heapauxi.o)
    0x08000476   0x08000476   0x00000002   Code   RO         3433    .text               c_w.l(use_no_semi.o)
    0x08000478   0x08000478   0x000000b2   Code   RO         3436    .text               c_w.l(_printf_intcommon.o)
    0x0800052a   0x0800052a   0x00000002   PAD
    0x0800052c   0x0800052c   0x00000024   Code   RO         3438    .text               c_w.l(_printf_char_file.o)
    0x08000550   0x08000550   0x00000030   Code   RO         3465    .text               c_w.l(_printf_char_common.o)
    0x08000580   0x08000580   0x00000008   Code   RO         3467    .text               c_w.l(ferror.o)
    0x08000588   0x08000588   0x0000004a   Code   RO         3471    .text               c_w.l(sys_stackheap_outer.o)
    0x080005d2   0x080005d2   0x0000000c   Code   RO         3475    .text               c_w.l(exit.o)
    0x080005de   0x080005de   0x00000002   PAD
    0x080005e0   0x080005e0   0x00000008   Code   RO         3483    .text               c_w.l(libspace.o)
    0x080005e8   0x080005e8   0x00000056   Code   RO          573    i.ADC_ConversionStop_Disable  stm32f1xx_hal_adc.o
    0x0800063e   0x0800063e   0x00000002   PAD
    0x08000640   0x08000640   0x0000007c   Code   RO          577    i.ADC_Enable        stm32f1xx_hal_adc.o
    0x080006bc   0x080006bc   0x00000026   Code   RO         3258    i.AT24CXX_Check     24cxx.o
    0x080006e2   0x080006e2   0x00000022   Code   RO         3259    i.AT24CXX_Read      24cxx.o
    0x08000704   0x08000704   0x00000042   Code   RO         3261    i.AT24CXX_ReadOneByte  24cxx.o
    0x08000746   0x08000746   0x00000020   Code   RO         3262    i.AT24CXX_Write     24cxx.o
    0x08000766   0x08000766   0x0000003e   Code   RO         3264    i.AT24CXX_WriteOneByte  24cxx.o
    0x080007a4   0x080007a4   0x00000002   Code   RO          419    i.BusFault_Handler  stm32f1xx_it.o
    0x080007a6   0x080007a6   0x00000002   Code   RO          420    i.DebugMon_Handler  stm32f1xx_it.o
    0x080007a8   0x080007a8   0x00000004   Code   RO           13    i.Error_Handler     main.o
    0x080007ac   0x080007ac   0x00000022   Code   RO          219    i.Get_Adc_Average   adc.o
    0x080007ce   0x080007ce   0x00000002   PAD
    0x080007d0   0x080007d0   0x0000002c   Code   RO          220    i.Get_adc           adc.o
    0x080007fc   0x080007fc   0x000000fc   Code   RO          579    i.HAL_ADC_ConfigChannel  stm32f1xx_hal_adc.o
    0x080008f8   0x080008f8   0x00000004   Code   RO          585    i.HAL_ADC_GetState  stm32f1xx_hal_adc.o
    0x080008fc   0x080008fc   0x00000006   Code   RO          586    i.HAL_ADC_GetValue  stm32f1xx_hal_adc.o
    0x08000902   0x08000902   0x00000002   PAD
    0x08000904   0x08000904   0x0000011c   Code   RO          588    i.HAL_ADC_Init      stm32f1xx_hal_adc.o
    0x08000a20   0x08000a20   0x00000058   Code   RO          222    i.HAL_ADC_MspInit   adc.o
    0x08000a78   0x08000a78   0x0000013c   Code   RO          592    i.HAL_ADC_PollForConversion  stm32f1xx_hal_adc.o
    0x08000bb4   0x08000bb4   0x000000c0   Code   RO          594    i.HAL_ADC_Start     stm32f1xx_hal_adc.o
    0x08000c74   0x08000c74   0x00000046   Code   RO         1228    i.HAL_DMA_Abort     stm32f1xx_hal_dma.o
    0x08000cba   0x08000cba   0x00000002   PAD
    0x08000cbc   0x08000cbc   0x00000098   Code   RO         1229    i.HAL_DMA_Abort_IT  stm32f1xx_hal_dma.o
    0x08000d54   0x08000d54   0x00000024   Code   RO          856    i.HAL_Delay         stm32f1xx_hal.o
    0x08000d78   0x08000d78   0x000001e0   Code   RO         1164    i.HAL_GPIO_Init     stm32f1xx_hal_gpio.o
    0x08000f58   0x08000f58   0x0000000a   Code   RO         1166    i.HAL_GPIO_ReadPin  stm32f1xx_hal_gpio.o
    0x08000f62   0x08000f62   0x0000000a   Code   RO         1168    i.HAL_GPIO_WritePin  stm32f1xx_hal_gpio.o
    0x08000f6c   0x08000f6c   0x0000000c   Code   RO          860    i.HAL_GetTick       stm32f1xx_hal.o
    0x08000f78   0x08000f78   0x00000010   Code   RO          866    i.HAL_IncTick       stm32f1xx_hal.o
    0x08000f88   0x08000f88   0x00000024   Code   RO          867    i.HAL_Init          stm32f1xx_hal.o
    0x08000fac   0x08000fac   0x00000040   Code   RO          868    i.HAL_InitTick      stm32f1xx_hal.o
    0x08000fec   0x08000fec   0x0000003c   Code   RO          513    i.HAL_MspInit       stm32f1xx_hal_msp.o
    0x08001028   0x08001028   0x0000001a   Code   RO         1324    i.HAL_NVIC_EnableIRQ  stm32f1xx_hal_cortex.o
    0x08001042   0x08001042   0x00000002   PAD
    0x08001044   0x08001044   0x00000040   Code   RO         1330    i.HAL_NVIC_SetPriority  stm32f1xx_hal_cortex.o
    0x08001084   0x08001084   0x00000024   Code   RO         1331    i.HAL_NVIC_SetPriorityGrouping  stm32f1xx_hal_cortex.o
    0x080010a8   0x080010a8   0x000000c8   Code   RO         1126    i.HAL_RCCEx_GetPeriphCLKFreq  stm32f1xx_hal_rcc_ex.o
    0x08001170   0x08001170   0x000000ec   Code   RO         1127    i.HAL_RCCEx_PeriphCLKConfig  stm32f1xx_hal_rcc_ex.o
    0x0800125c   0x0800125c   0x0000012c   Code   RO         1024    i.HAL_RCC_ClockConfig  stm32f1xx_hal_rcc.o
    0x08001388   0x08001388   0x00000020   Code   RO         1031    i.HAL_RCC_GetPCLK1Freq  stm32f1xx_hal_rcc.o
    0x080013a8   0x080013a8   0x00000020   Code   RO         1032    i.HAL_RCC_GetPCLK2Freq  stm32f1xx_hal_rcc.o
    0x080013c8   0x080013c8   0x0000006c   Code   RO         1033    i.HAL_RCC_GetSysClockFreq  stm32f1xx_hal_rcc.o
    0x08001434   0x08001434   0x00000320   Code   RO         1036    i.HAL_RCC_OscConfig  stm32f1xx_hal_rcc.o
    0x08001754   0x08001754   0x00000028   Code   RO         1335    i.HAL_SYSTICK_Config  stm32f1xx_hal_cortex.o
    0x0800177c   0x0800177c   0x00000002   Code   RO         2530    i.HAL_TIMEx_BreakCallback  stm32f1xx_hal_tim_ex.o
    0x0800177e   0x0800177e   0x00000002   Code   RO         2531    i.HAL_TIMEx_CommutCallback  stm32f1xx_hal_tim_ex.o
    0x08001780   0x08001780   0x00000068   Code   RO         2549    i.HAL_TIMEx_MasterConfigSynchronization  stm32f1xx_hal_tim_ex.o
    0x080017e8   0x080017e8   0x0000005a   Code   RO         1826    i.HAL_TIM_Base_Init  stm32f1xx_hal_tim.o
    0x08001842   0x08001842   0x00000002   PAD
    0x08001844   0x08001844   0x00000038   Code   RO          274    i.HAL_TIM_Base_MspInit  tim.o
    0x0800187c   0x0800187c   0x00000058   Code   RO         1831    i.HAL_TIM_Base_Start_IT  stm32f1xx_hal_tim.o
    0x080018d4   0x080018d4   0x000000d6   Code   RO         1835    i.HAL_TIM_ConfigClockSource  stm32f1xx_hal_tim.o
    0x080019aa   0x080019aa   0x00000002   PAD
    0x080019ac   0x080019ac   0x000000cc   Code   RO          275    i.HAL_TIM_IC_CaptureCallback  tim.o
    0x08001a78   0x08001a78   0x0000010e   Code   RO         1862    i.HAL_TIM_IC_ConfigChannel  stm32f1xx_hal_tim.o
    0x08001b86   0x08001b86   0x0000005a   Code   RO         1865    i.HAL_TIM_IC_Init   stm32f1xx_hal_tim.o
    0x08001be0   0x08001be0   0x00000064   Code   RO          277    i.HAL_TIM_IC_MspInit  tim.o
    0x08001c44   0x08001c44   0x000000e0   Code   RO         1870    i.HAL_TIM_IC_Start_IT  stm32f1xx_hal_tim.o
    0x08001d24   0x08001d24   0x00000166   Code   RO         1874    i.HAL_TIM_IRQHandler  stm32f1xx_hal_tim.o
    0x08001e8a   0x08001e8a   0x00000002   Code   RO         1877    i.HAL_TIM_OC_DelayElapsedCallback  stm32f1xx_hal_tim.o
    0x08001e8c   0x08001e8c   0x00000002   Code   RO         1904    i.HAL_TIM_PWM_PulseFinishedCallback  stm32f1xx_hal_tim.o
    0x08001e8e   0x08001e8e   0x00000002   PAD
    0x08001e90   0x08001e90   0x000002fc   Code   RO          278    i.HAL_TIM_PeriodElapsedCallback  tim.o
    0x0800218c   0x0800218c   0x0000002a   Code   RO         1914    i.HAL_TIM_ReadCapturedValue  stm32f1xx_hal_tim.o
    0x080021b6   0x080021b6   0x00000002   Code   RO         1917    i.HAL_TIM_TriggerCallback  stm32f1xx_hal_tim.o
    0x080021b8   0x080021b8   0x00000002   Code   RO         2808    i.HAL_UARTEx_RxEventCallback  stm32f1xx_hal_uart.o
    0x080021ba   0x080021ba   0x00000002   Code   RO         2822    i.HAL_UART_ErrorCallback  stm32f1xx_hal_uart.o
    0x080021bc   0x080021bc   0x0000000a   Code   RO         2824    i.HAL_UART_GetState  stm32f1xx_hal_uart.o
    0x080021c6   0x080021c6   0x00000002   PAD
    0x080021c8   0x080021c8   0x0000020c   Code   RO         2825    i.HAL_UART_IRQHandler  stm32f1xx_hal_uart.o
    0x080023d4   0x080023d4   0x00000062   Code   RO         2826    i.HAL_UART_Init     stm32f1xx_hal_uart.o
    0x08002436   0x08002436   0x00000002   PAD
    0x08002438   0x08002438   0x00000080   Code   RO          354    i.HAL_UART_MspInit  usart.o
    0x080024b8   0x080024b8   0x0000002a   Code   RO         2831    i.HAL_UART_Receive_IT  stm32f1xx_hal_uart.o
    0x080024e2   0x080024e2   0x00000002   PAD
    0x080024e4   0x080024e4   0x00000094   Code   RO          355    i.HAL_UART_RxCpltCallback  usart.o
    0x08002578   0x08002578   0x000000b2   Code   RO         2834    i.HAL_UART_Transmit  stm32f1xx_hal_uart.o
    0x0800262a   0x0800262a   0x00000002   Code   RO         2837    i.HAL_UART_TxCpltCallback  stm32f1xx_hal_uart.o
    0x0800262c   0x0800262c   0x00000002   Code   RO          421    i.HardFault_Handler  stm32f1xx_it.o
    0x0800262e   0x0800262e   0x00000002   PAD
    0x08002630   0x08002630   0x00000040   Code   RO         3192    i.IIC_Ack           myiic.o
    0x08002670   0x08002670   0x00000048   Code   RO         3193    i.IIC_Init          myiic.o
    0x080026b8   0x080026b8   0x00000040   Code   RO         3194    i.IIC_NAck          myiic.o
    0x080026f8   0x080026f8   0x0000006c   Code   RO         3195    i.IIC_Read_Byte     myiic.o
    0x08002764   0x08002764   0x00000060   Code   RO         3196    i.IIC_Send_Byte     myiic.o
    0x080027c4   0x080027c4   0x00000040   Code   RO         3197    i.IIC_Start         myiic.o
    0x08002804   0x08002804   0x00000044   Code   RO         3198    i.IIC_Stop          myiic.o
    0x08002848   0x08002848   0x00000058   Code   RO         3199    i.IIC_Wait_Ack      myiic.o
    0x080028a0   0x080028a0   0x00000014   Code   RO          177    i.LED_Refresh       gpio.o
    0x080028b4   0x080028b4   0x00000020   Code   RO          178    i.LED_Wei           gpio.o
    0x080028d4   0x080028d4   0x00000034   Code   RO          179    i.LED_Write_Data    gpio.o
    0x08002908   0x08002908   0x00000050   Code   RO          223    i.MX_ADC1_Init      adc.o
    0x08002958   0x08002958   0x0000009c   Code   RO          180    i.MX_GPIO_Init      gpio.o
    0x080029f4   0x080029f4   0x00000068   Code   RO          279    i.MX_TIM2_Init      tim.o
    0x08002a5c   0x08002a5c   0x00000070   Code   RO          280    i.MX_TIM3_Init      tim.o
    0x08002acc   0x08002acc   0x00000038   Code   RO          356    i.MX_USART1_UART_Init  usart.o
    0x08002b04   0x08002b04   0x00000002   Code   RO          422    i.MemManage_Handler  stm32f1xx_it.o
    0x08002b06   0x08002b06   0x00000002   Code   RO          423    i.NMI_Handler       stm32f1xx_it.o
    0x08002b08   0x08002b08   0x00000002   Code   RO          424    i.PendSV_Handler    stm32f1xx_it.o
    0x08002b0a   0x08002b0a   0x00000002   PAD
    0x08002b0c   0x08002b0c   0x00000040   Code   RO          281    i.Remote_Scan       tim.o
    0x08002b4c   0x08002b4c   0x00000002   Code   RO          425    i.SVC_Handler       stm32f1xx_it.o
    0x08002b4e   0x08002b4e   0x00000004   Code   RO          426    i.SysTick_Handler   stm32f1xx_it.o
    0x08002b52   0x08002b52   0x00000078   Code   RO           14    i.SystemClock_Config  main.o
    0x08002bca   0x08002bca   0x00000002   Code   RO         3155    i.SystemInit        system_stm32f1xx.o
    0x08002bcc   0x08002bcc   0x0000000c   Code   RO          427    i.TIM2_IRQHandler   stm32f1xx_it.o
    0x08002bd8   0x08002bd8   0x0000000c   Code   RO          428    i.TIM3_IRQHandler   stm32f1xx_it.o
    0x08002be4   0x08002be4   0x0000006c   Code   RO         1919    i.TIM_Base_SetConfig  stm32f1xx_hal_tim.o
    0x08002c50   0x08002c50   0x0000001a   Code   RO         1920    i.TIM_CCxChannelCmd  stm32f1xx_hal_tim.o
    0x08002c6a   0x08002c6a   0x00000014   Code   RO         1930    i.TIM_ETR_SetConfig  stm32f1xx_hal_tim.o
    0x08002c7e   0x08002c7e   0x00000010   Code   RO         1931    i.TIM_ITRx_SetConfig  stm32f1xx_hal_tim.o
    0x08002c8e   0x08002c8e   0x00000022   Code   RO         1937    i.TIM_TI1_ConfigInputStage  stm32f1xx_hal_tim.o
    0x08002cb0   0x08002cb0   0x00000058   Code   RO         1938    i.TIM_TI1_SetConfig  stm32f1xx_hal_tim.o
    0x08002d08   0x08002d08   0x00000024   Code   RO         1939    i.TIM_TI2_ConfigInputStage  stm32f1xx_hal_tim.o
    0x08002d2c   0x08002d2c   0x00000036   Code   RO         1940    i.TIM_TI2_SetConfig  stm32f1xx_hal_tim.o
    0x08002d62   0x08002d62   0x00000010   Code   RO         2839    i.UART_DMAAbortOnError  stm32f1xx_hal_uart.o
    0x08002d72   0x08002d72   0x00000030   Code   RO         2849    i.UART_EndRxTransfer  stm32f1xx_hal_uart.o
    0x08002da2   0x08002da2   0x000000b6   Code   RO         2851    i.UART_Receive_IT   stm32f1xx_hal_uart.o
    0x08002e58   0x08002e58   0x000000b8   Code   RO         2852    i.UART_SetConfig    stm32f1xx_hal_uart.o
    0x08002f10   0x08002f10   0x00000036   Code   RO         2854    i.UART_Start_Receive_IT  stm32f1xx_hal_uart.o
    0x08002f46   0x08002f46   0x00000064   Code   RO         2855    i.UART_WaitOnFlagUntilTimeout  stm32f1xx_hal_uart.o
    0x08002faa   0x08002faa   0x00000002   PAD
    0x08002fac   0x08002fac   0x0000000c   Code   RO          429    i.USART1_IRQHandler  stm32f1xx_it.o
    0x08002fb8   0x08002fb8   0x00000002   Code   RO          430    i.UsageFault_Handler  stm32f1xx_it.o
    0x08002fba   0x08002fba   0x00000020   Code   RO         1337    i.__NVIC_SetPriority  stm32f1xx_hal_cortex.o
    0x08002fda   0x08002fda   0x0000000e   Code   RO         3386    i._is_digit         c_w.l(__printf_wp.o)
    0x08002fe8   0x08002fe8   0x00000002   Code   RO          357    i._sys_exit         usart.o
    0x08002fea   0x08002fea   0x00000046   Code   RO         3318    i.delay_us          delay.o
    0x08003030   0x08003030   0x00000018   Code   RO          358    i.fputc             usart.o
    0x08003048   0x08003048   0x000001d0   Code   RO           15    i.main              main.o
    0x08003218   0x08003218   0x00000062   Code   RO         3405    x$fpl$d2f           fz_ws.l(d2f.o)
    0x0800327a   0x0800327a   0x00000026   Code   RO         3407    x$fpl$dfltu         fz_ws.l(dflt_clz.o)
    0x080032a0   0x080032a0   0x00000154   Code   RO         3413    x$fpl$dmul          fz_ws.l(dmul.o)
    0x080033f4   0x080033f4   0x0000009c   Code   RO         3441    x$fpl$dnaninf       fz_ws.l(dnaninf.o)
    0x08003490   0x08003490   0x0000000c   Code   RO         3443    x$fpl$dretinf       fz_ws.l(dretinf.o)
    0x0800349c   0x0800349c   0x000000c4   Code   RO         3415    x$fpl$fadd          fz_ws.l(faddsub_clz.o)
    0x08003560   0x08003560   0x0000003e   Code   RO         3421    x$fpl$ffixu         fz_ws.l(ffixu.o)
    0x0800359e   0x0800359e   0x00000002   PAD
    0x080035a0   0x080035a0   0x00000026   Code   RO         3425    x$fpl$ffltu         fz_ws.l(fflt_clz.o)
    0x080035c6   0x080035c6   0x00000002   PAD
    0x080035c8   0x080035c8   0x00000102   Code   RO         3431    x$fpl$fmul          fz_ws.l(fmul.o)
    0x080036ca   0x080036ca   0x0000008c   Code   RO         3445    x$fpl$fnaninf       fz_ws.l(fnaninf.o)
    0x08003756   0x08003756   0x0000000a   Code   RO         3447    x$fpl$fretinf       fz_ws.l(fretinf.o)
    0x08003760   0x08003760   0x00000014   Code   RO         3416    x$fpl$frsb          fz_ws.l(faddsub_clz.o)
    0x08003774   0x08003774   0x000000ea   Code   RO         3417    x$fpl$fsub          fz_ws.l(faddsub_clz.o)
    0x0800385e   0x0800385e   0x00000000   Code   RO         3449    x$fpl$usenofp       fz_ws.l(usenofp.o)
    0x0800385e   0x0800385e   0x00000010   Data   RO         3156    .constdata          system_stm32f1xx.o
    0x0800386e   0x0800386e   0x00000008   Data   RO         3157    .constdata          system_stm32f1xx.o
    0x08003876   0x08003876   0x00000028   Data   RO         3359    .constdata          c_w.l(_printf_hex_int.o)
    0x0800389e   0x0800389e   0x00000002   PAD
    0x080038a0   0x080038a0   0x00000020   Data   RO         3605    Region$$Table       anon$$obj.o


    Execution Region RW_IRAM1 (Exec base: 0x20000000, Load base: 0x080038c0, Size: 0x000008c0, Max: 0x00005000, ABSOLUTE)

    Exec Addr    Load Addr    Size         Type   Attr      Idx    E Section Name        Object

    0x20000000   0x080038c0   0x00000004   Data   RW           16    .data               main.o
    0x20000004   0x080038c4   0x0000003e   Data   RW          283    .data               tim.o
    0x20000042   0x08003902   0x00000002   Data   RW          360    .data               usart.o
    0x20000044   0x08003904   0x00000004   Data   RW          361    .data               usart.o
    0x20000048   0x08003908   0x0000000c   Data   RW          874    .data               stm32f1xx_hal.o
    0x20000054   0x08003914   0x00000004   Data   RW         3158    .data               system_stm32f1xx.o
    0x20000058        -       0x00000030   Zero   RW          224    .bss                adc.o
    0x20000088        -       0x00000090   Zero   RW          282    .bss                tim.o
    0x20000118        -       0x00000144   Zero   RW          359    .bss                usart.o
    0x2000025c        -       0x00000060   Zero   RW         3484    .bss                c_w.l(libspace.o)
    0x200002bc   0x08003918   0x00000004   PAD
    0x200002c0        -       0x00000200   Zero   RW            2    HEAP                startup_stm32f103xb.o
    0x200004c0        -       0x00000400   Zero   RW            1    STACK               startup_stm32f103xb.o


==============================================================================

Image component sizes


      Code (inc. data)   RO Data    RW Data    ZI Data      Debug   Object Name

       232          0          0          0          0       2960   24cxx.o
       246         26          0          0         48       2633   adc.o
        70          0          0          0          0        863   delay.o
       260         24          0          0          0       2288   gpio.o
       588        138          0          4          0     442642   main.o
       624         76          0          0          0       4422   myiic.o
        64         26        236          0       1536        804   startup_stm32f103xb.o
       164         28          0         12          0       5777   stm32f1xx_hal.o
      1264         54          0          0          0       6331   stm32f1xx_hal_adc.o
       198         14          0          0          0      28539   stm32f1xx_hal_cortex.o
       222          4          0          0          0       1663   stm32f1xx_hal_dma.o
       500         34          0          0          0       3111   stm32f1xx_hal_gpio.o
        60          8          0          0          0        858   stm32f1xx_hal_msp.o
      1272        100          0          0          0       4888   stm32f1xx_hal_rcc.o
       436         46          0          0          0       2357   stm32f1xx_hal_rcc_ex.o
      1764         50          0          0          0      13475   stm32f1xx_hal_tim.o
       108         12          0          0          0       2285   stm32f1xx_hal_tim_ex.o
      1442         10          0          0          0       9856   stm32f1xx_hal_uart.o
        56         18          0          0          0       5078   stm32f1xx_it.o
         2          0         24          4          0       1095   system_stm32f1xx.o
      1404         90          0         62        144       5918   tim.o
       358         52          0          6        324       4540   usart.o

    ----------------------------------------------------------------------
     11362        810        292         88       2052     552383   Object Totals
         0          0         32          0          0          0   (incl. Generated)
        28          0          0          0          0          0   (incl. Padding)

    ----------------------------------------------------------------------

      Code (inc. data)   RO Data    RW Data    ZI Data      Debug   Library Member Name

         8          0          0          0          0         68   __main.o
       284          0          0          0          0        156   __printf_wp.o
         0          0          0          0          0          0   __rtentry.o
        12          0          0          0          0          0   __rtentry2.o
         6          0          0          0          0          0   __rtentry4.o
        52          8          0          0          0          0   __scatter.o
        26          0          0          0          0          0   __scatter_copy.o
        28          0          0          0          0          0   __scatter_zi.o
        48          6          0          0          0         96   _printf_char_common.o
        36          4          0          0          0         80   _printf_char_file.o
         6          0          0          0          0          0   _printf_d.o
       120         16          0          0          0         92   _printf_dec.o
        88          4         40          0          0         88   _printf_hex_int.o
       178          0          0          0          0         88   _printf_intcommon.o
        78          0          0          0          0        108   _printf_pad.o
         0          0          0          0          0          0   _printf_percent.o
         4          0          0          0          0          0   _printf_percent_end.o
         6          0          0          0          0          0   _printf_x.o
        12          0          0          0          0         72   exit.o
         8          0          0          0          0         68   ferror.o
         6          0          0          0          0        152   heapauxi.o
         2          0          0          0          0          0   libinit.o
         2          0          0          0          0          0   libinit2.o
         2          0          0          0          0          0   libshutdown.o
         2          0          0          0          0          0   libshutdown2.o
         8          4          0          0         96         68   libspace.o
        24          4          0          0          0         84   noretval__2printf.o
        78          0          0          0          0         80   rt_memclr_w.o
         2          0          0          0          0          0   rtexit.o
        10          0          0          0          0          0   rtexit2.o
        74          0          0          0          0         80   sys_stackheap_outer.o
         2          0          0          0          0         68   use_no_semi.o
         2          0          0          0          0         68   use_no_semi_2.o
        98          4          0          0          0         92   d2f.o
        38          0          0          0          0         68   dflt_clz.o
       340         12          0          0          0        104   dmul.o
       156          4          0          0          0         92   dnaninf.o
        12          0          0          0          0         68   dretinf.o
       450          8          0          0          0        236   faddsub_clz.o
        62          4          0          0          0         84   ffixu.o
        38          0          0          0          0         68   fflt_clz.o
       258          4          0          0          0         84   fmul.o
       140          4          0          0          0         84   fnaninf.o
        10          0          0          0          0         68   fretinf.o
         0          0          0          0          0          0   usenofp.o

    ----------------------------------------------------------------------
      2832         86         42          0        100       2564   Library Totals
        16          0          2          0          4          0   (incl. Padding)

    ----------------------------------------------------------------------

      Code (inc. data)   RO Data    RW Data    ZI Data      Debug   Library Name

      1214         46         40          0         96       1516   c_w.l
      1602         40          0          0          0       1048   fz_ws.l

    ----------------------------------------------------------------------
      2832         86         42          0        100       2564   Library Totals

    ----------------------------------------------------------------------

==============================================================================


      Code (inc. data)   RO Data    RW Data    ZI Data      Debug   

     14194        896        334         88       2152     547767   Grand Totals
     14194        896        334         88       2152     547767   ELF Image Totals
     14194        896        334         88          0          0   ROM Totals

==============================================================================

    Total RO  Size (Code + RO Data)                14528 (  14.19kB)
    Total RW  Size (RW Data + ZI Data)              2240 (   2.19kB)
    Total ROM Size (Code + RO Data + RW Data)      14616 (  14.27kB)

==============================================================================

